Pulling postgres ... 
Pulling hasura   ... 
Pulling graphql  ... 
Pulling apollo   ... 
Pulling towel    ... 
Pulling ui       ... 
Pulling apollo   ... pulling from prefecthq/apollo
Pulling apollo   ... digest: sha256:81028d10cbc9d2926a...
Pulling apollo   ... status: image is up to date for p...
Pulling hasura   ... pulling from hasura/graphql-engine
Pulling apollo   ... done
Pulling hasura   ... digest: sha256:814e36b35517704619...
Pulling hasura   ... status: image is up to date for h...
Pulling hasura   ... done
Pulling ui       ... pulling from prefecthq/ui
Pulling ui       ... digest: sha256:cdcb0e7a203d28ecf6...
Pulling ui       ... status: image is up to date for p...
Pulling ui       ... done
Pulling postgres ... pulling from library/postgres
Pulling postgres ... digest: sha256:597b2f7c8278b35d2f...
Pulling postgres ... status: image is up to date for p...
Pulling postgres ... done
Pulling towel    ... pulling from prefecthq/server
Pulling towel    ... digest: sha256:9af28fc58f477ebf4d...
Pulling towel    ... status: image is up to date for p...
Pulling towel    ... done
Pulling graphql  ... pulling from prefecthq/server
Pulling graphql  ... digest: sha256:9af28fc58f477ebf4d...
Pulling graphql  ... status: image is up to date for p...
Pulling graphql  ... done
Creating network "prefect-server" with the default driver
Creating t_postgres_1 ... 
Creating t_postgres_1 ... done
Creating t_hasura_1   ... 
Creating t_hasura_1   ... done
Creating t_graphql_1  ... 
Creating t_graphql_1  ... done
Creating t_towel_1    ... 
Creating t_apollo_1   ... 
Creating t_towel_1    ... done
Creating t_apollo_1   ... done
Creating t_ui_1       ... 
Creating t_ui_1       ... done
Attaching to t_postgres_1, t_hasura_1, t_graphql_1, t_towel_1, t_apollo_1, t_ui_1
[36mapollo_1    |[0m Checking GraphQL service at http://graphql:4201/health ...
[35mpostgres_1  |[0m The files belonging to this database system will be owned by user "postgres".
[35mpostgres_1  |[0m This user must also own the server process.
[35mpostgres_1  |[0m 
[35mpostgres_1  |[0m The database cluster will be initialized with locale "en_US.utf8".
[35mpostgres_1  |[0m The default database encoding has accordingly been set to "UTF8".
[35mpostgres_1  |[0m The default text search configuration will be set to "english".
[35mpostgres_1  |[0m 
[35mpostgres_1  |[0m Data page checksums are disabled.
[35mpostgres_1  |[0m 
[35mpostgres_1  |[0m fixing permissions on existing directory /var/lib/postgresql/data ... ok
[35mpostgres_1  |[0m creating subdirectories ... ok
[35mpostgres_1  |[0m selecting default max_connections ... 100
[35mpostgres_1  |[0m selecting default shared_buffers ... 128MB
[35mpostgres_1  |[0m selecting default timezone ... Etc/UTC
[35mpostgres_1  |[0m selecting dynamic shared memory implementation ... posix
[35mpostgres_1  |[0m creating configuration files ... ok
[35mpostgres_1  |[0m running bootstrap script ... ok
[35mpostgres_1  |[0m performing post-bootstrap initialization ... ok
[35mpostgres_1  |[0m syncing data to disk ... 
[35mpostgres_1  |[0m WARNING: enabling "trust" authentication for local connections
[35mpostgres_1  |[0m You can change this by editing pg_hba.conf or using the option -A, or
[35mpostgres_1  |[0m --auth-local and --auth-host, the next time you run initdb.
[35mpostgres_1  |[0m ok
[35mpostgres_1  |[0m 
[35mpostgres_1  |[0m Success. You can now start the database server using:
[35mpostgres_1  |[0m 
[35mpostgres_1  |[0m     pg_ctl -D /var/lib/postgresql/data -l logfile start
[35mpostgres_1  |[0m 
[35mpostgres_1  |[0m waiting for server to start....2021-11-23 05:51:11.266 UTC [49] LOG:  listening on Unix socket "/var/run/postgresql/.s.PGSQL.5432"
[35mpostgres_1  |[0m 2021-11-23 05:51:11.277 UTC [50] LOG:  database system was shut down at 2021-11-23 05:51:11 UTC
[35mpostgres_1  |[0m 2021-11-23 05:51:11.284 UTC [49] LOG:  database system is ready to accept connections
[35mpostgres_1  |[0m  done
[35mpostgres_1  |[0m server started
[35mpostgres_1  |[0m CREATE DATABASE
[35mpostgres_1  |[0m 
[35mpostgres_1  |[0m 
[35mpostgres_1  |[0m /usr/local/bin/docker-entrypoint.sh: ignoring /docker-entrypoint-initdb.d/*
[35mpostgres_1  |[0m 
[35mpostgres_1  |[0m waiting for server to shut down....2021-11-23 05:51:11.727 UTC [49] LOG:  received fast shutdown request
[35mpostgres_1  |[0m 2021-11-23 05:51:11.727 UTC [49] LOG:  aborting any active transactions
[35mpostgres_1  |[0m 2021-11-23 05:51:11.729 UTC [49] LOG:  background worker "logical replication launcher" (PID 56) exited with exit code 1
[35mpostgres_1  |[0m 2021-11-23 05:51:11.731 UTC [51] LOG:  shutting down
[35mpostgres_1  |[0m 2021-11-23 05:51:11.760 UTC [49] LOG:  database system is shut down
[35mpostgres_1  |[0m  done
[35mpostgres_1  |[0m server stopped
[35mpostgres_1  |[0m 
[35mpostgres_1  |[0m PostgreSQL init process complete; ready for start up.
[35mpostgres_1  |[0m 
[35mpostgres_1  |[0m 2021-11-23 05:51:11.835 UTC [1] LOG:  listening on IPv4 address "0.0.0.0", port 5432
[35mpostgres_1  |[0m 2021-11-23 05:51:11.835 UTC [1] LOG:  listening on IPv6 address "::", port 5432
[35mpostgres_1  |[0m 2021-11-23 05:51:11.839 UTC [1] LOG:  listening on Unix socket "/var/run/postgresql/.s.PGSQL.5432"
[35mpostgres_1  |[0m 2021-11-23 05:51:11.857 UTC [77] LOG:  database system was shut down at 2021-11-23 05:51:11 UTC
[35mpostgres_1  |[0m 2021-11-23 05:51:11.863 UTC [1] LOG:  database system is ready to accept connections
[36;1mui_1        |[0m Missing the PREFECT_SERVER__BASE_URL environment variable.  Using default
[36;1mui_1        |[0m ðŸ‘¾ðŸ‘¾ðŸ‘¾ UI running at localhost:8080 ðŸ‘¾ðŸ‘¾ðŸ‘¾
[36;1mui_1        |[0m 2021/11/23 05:51:12 [notice] 23#23: using the "epoll" event method
[36;1mui_1        |[0m 2021/11/23 05:51:12 [notice] 23#23: nginx/1.20.1
[36;1mui_1        |[0m 2021/11/23 05:51:12 [notice] 23#23: built by gcc 8.3.0 (Debian 8.3.0-6) 
[36;1mui_1        |[0m 2021/11/23 05:51:12 [notice] 23#23: OS: Linux 5.10.47-linuxkit
[36;1mui_1        |[0m 2021/11/23 05:51:12 [notice] 23#23: getrlimit(RLIMIT_NOFILE): 1048576:1048576
[36;1mui_1        |[0m 2021/11/23 05:51:12 [notice] 23#23: start worker processes
[36;1mui_1        |[0m 2021/11/23 05:51:12 [notice] 23#23: start worker process 26
[36;1mui_1        |[0m 2021/11/23 05:51:12 [notice] 23#23: start worker process 27
[36;1mui_1        |[0m 2021/11/23 05:51:12 [notice] 23#23: start worker process 28
[36;1mui_1        |[0m 2021/11/23 05:51:12 [notice] 23#23: start worker process 29
[36;1mui_1        |[0m 2021/11/23 05:51:12 [emerg] 28#28: io_setup() failed (38: Function not implemented)
[36;1mui_1        |[0m 2021/11/23 05:51:12 [emerg] 27#27: io_setup() failed (38: Function not implemented)
[36;1mui_1        |[0m 2021/11/23 05:51:12 [emerg] 26#26: io_setup() failed (38: Function not implemented)
[36;1mui_1        |[0m 2021/11/23 05:51:12 [emerg] 29#29: io_setup() failed (38: Function not implemented)
[36mapollo_1    |[0m Checking GraphQL service at http://graphql:4201/health ...
[36mapollo_1    |[0m Checking GraphQL service at http://graphql:4201/health ...
[36mapollo_1    |[0m Checking GraphQL service at http://graphql:4201/health ...
[36mapollo_1    |[0m Checking GraphQL service at http://graphql:4201/health ...
[34mtowel_1     |[0m {"severity": "ERROR", "name": "prefect-server.HasuraClient", "message": "Encountered internal API exception: [Errno 111] Connect call failed ('172.31.0.3', 3000)", "exc_info": "Traceback (most recent call last):\n  File \"/prefect-server/src/prefect_server/utilities/exceptions.py\", line 87, in reraise_as_api_error\n    yield\n  File \"/prefect-server/src/prefect_server/utilities/graphql.py\", line 64, in execute\n    timeout=30,\n  File \"/usr/local/lib/python3.7/site-packages/httpx/_client.py\", line 1385, in post\n    timeout=timeout,\n  File \"/usr/local/lib/python3.7/site-packages/httpx/_client.py\", line 1148, in request\n    request, auth=auth, allow_redirects=allow_redirects, timeout=timeout,\n  File \"/usr/local/lib/python3.7/site-packages/httpx/_client.py\", line 1169, in send\n    request, auth=auth, timeout=timeout, allow_redirects=allow_redirects,\n  File \"/usr/local/lib/python3.7/site-packages/httpx/_client.py\", line 1196, in send_handling_redirects\n    request, auth=auth, timeout=timeout, history=history\n  File \"/usr/local/lib/python3.7/site-packages/httpx/_client.py\", line 1232, in send_handling_auth\n    response = await self.send_single_request(request, timeout)\n  File \"/usr/local/lib/python3.7/site-packages/httpx/_client.py\", line 1269, in send_single_request\n    timeout=timeout.as_dict(),\n  File \"/usr/local/lib/python3.7/site-packages/httpcore/_async/connection_pool.py\", line 153, in request\n    method, url, headers=headers, stream=stream, timeout=timeout\n  File \"/usr/local/lib/python3.7/site-packages/httpcore/_async/connection.py\", line 65, in request\n    self.socket = await self._open_socket(timeout)\n  File \"/usr/local/lib/python3.7/site-packages/httpcore/_async/connection.py\", line 86, in _open_socket\n    hostname, port, ssl_context, timeout\n  File \"/usr/local/lib/python3.7/site-packages/httpcore/_backends/auto.py\", line 38, in open_tcp_stream\n    return await self.backend.open_tcp_stream(hostname, port, ssl_context, timeout)\n  File \"/usr/local/lib/python3.7/site-packages/httpcore/_backends/asyncio.py\", line 234, in open_tcp_stream\n    stream_reader=stream_reader, stream_writer=stream_writer\n  File \"/usr/local/lib/python3.7/contextlib.py\", line 130, in __exit__\n    self.gen.throw(type, value, traceback)\n  File \"/usr/local/lib/python3.7/site-packages/httpcore/_exceptions.py\", line 12, in map_exceptions\n    raise to_exc(exc) from None\nhttpcore._exceptions.ConnectError: [Errno 111] Connect call failed ('172.31.0.3', 3000)"}
[34mtowel_1     |[0m {"severity": "ERROR", "name": "prefect-server.Scheduler", "message": "Unexpected error: APIError('Unable to complete operation. An internal API error occurred.')", "exc_info": "Traceback (most recent call last):\n  File \"/prefect-server/src/prefect_server/utilities/exceptions.py\", line 87, in reraise_as_api_error\n    yield\n  File \"/prefect-server/src/prefect_server/utilities/graphql.py\", line 64, in execute\n    timeout=30,\n  File \"/usr/local/lib/python3.7/site-packages/httpx/_client.py\", line 1385, in post\n    timeout=timeout,\n  File \"/usr/local/lib/python3.7/site-packages/httpx/_client.py\", line 1148, in request\n    request, auth=auth, allow_redirects=allow_redirects, timeout=timeout,\n  File \"/usr/local/lib/python3.7/site-packages/httpx/_client.py\", line 1169, in send\n    request, auth=auth, timeout=timeout, allow_redirects=allow_redirects,\n  File \"/usr/local/lib/python3.7/site-packages/httpx/_client.py\", line 1196, in send_handling_redirects\n    request, auth=auth, timeout=timeout, history=history\n  File \"/usr/local/lib/python3.7/site-packages/httpx/_client.py\", line 1232, in send_handling_auth\n    response = await self.send_single_request(request, timeout)\n  File \"/usr/local/lib/python3.7/site-packages/httpx/_client.py\", line 1269, in send_single_request\n    timeout=timeout.as_dict(),\n  File \"/usr/local/lib/python3.7/site-packages/httpcore/_async/connection_pool.py\", line 153, in request\n    method, url, headers=headers, stream=stream, timeout=timeout\n  File \"/usr/local/lib/python3.7/site-packages/httpcore/_async/connection.py\", line 65, in request\n    self.socket = await self._open_socket(timeout)\n  File \"/usr/local/lib/python3.7/site-packages/httpcore/_async/connection.py\", line 86, in _open_socket\n    hostname, port, ssl_context, timeout\n  File \"/usr/local/lib/python3.7/site-packages/httpcore/_backends/auto.py\", line 38, in open_tcp_stream\n    return await self.backend.open_tcp_stream(hostname, port, ssl_context, timeout)\n  File \"/usr/local/lib/python3.7/site-packages/httpcore/_backends/asyncio.py\", line 234, in open_tcp_stream\n    stream_reader=stream_reader, stream_writer=stream_writer\n  File \"/usr/local/lib/python3.7/contextlib.py\", line 130, in __exit__\n    self.gen.throw(type, value, traceback)\n  File \"/usr/local/lib/python3.7/site-packages/httpcore/_exceptions.py\", line 12, in map_exceptions\n    raise to_exc(exc) from None\nhttpcore._exceptions.ConnectError: [Errno 111] Connect call failed ('172.31.0.3', 3000)\n\nThe above exception was the direct cause of the following exception:\n\nTraceback (most recent call last):\n  File \"/prefect-server/src/prefect_server/services/loop_service.py\", line 60, in run\n    await self.run_once()\n  File \"/prefect-server/src/prefect_server/services/towel/scheduler.py\", line 47, in run_once\n    offset=500 * iterations,\n  File \"/prefect-server/src/prefect_server/database/orm.py\", line 501, in get\n    as_box=not apply_schema,\n  File \"/prefect-server/src/prefect_server/database/hasura.py\", line 85, in execute\n    as_box=as_box,\n  File \"/prefect-server/src/prefect_server/utilities/graphql.py\", line 64, in execute\n    timeout=30,\n  File \"/usr/local/lib/python3.7/contextlib.py\", line 188, in __aexit__\n    await self.gen.athrow(typ, value, traceback)\n  File \"/prefect-server/src/prefect_server/utilities/exceptions.py\", line 93, in reraise_as_api_error\n    raise APIError() from exc\nprefect_server.utilities.exceptions.APIError: Unable to complete operation. An internal API error occurred."}
[34mtowel_1     |[0m {"severity": "ERROR", "name": "prefect-server.HasuraClient", "message": "Encountered internal API exception: [Errno 111] Connect call failed ('172.31.0.3', 3000)", "exc_info": "Traceback (most recent call last):\n  File \"/prefect-server/src/prefect_server/utilities/exceptions.py\", line 87, in reraise_as_api_error\n    yield\n  File \"/prefect-server/src/prefect_server/utilities/graphql.py\", line 64, in execute\n    timeout=30,\n  File \"/usr/local/lib/python3.7/site-packages/httpx/_client.py\", line 1385, in post\n    timeout=timeout,\n  File \"/usr/local/lib/python3.7/site-packages/httpx/_client.py\", line 1148, in request\n    request, auth=auth, allow_redirects=allow_redirects, timeout=timeout,\n  File \"/usr/local/lib/python3.7/site-packages/httpx/_client.py\", line 1169, in send\n    request, auth=auth, timeout=timeout, allow_redirects=allow_redirects,\n  File \"/usr/local/lib/python3.7/site-packages/httpx/_client.py\", line 1196, in send_handling_redirects\n    request, auth=auth, timeout=timeout, history=history\n  File \"/usr/local/lib/python3.7/site-packages/httpx/_client.py\", line 1232, in send_handling_auth\n    response = await self.send_single_request(request, timeout)\n  File \"/usr/local/lib/python3.7/site-packages/httpx/_client.py\", line 1269, in send_single_request\n    timeout=timeout.as_dict(),\n  File \"/usr/local/lib/python3.7/site-packages/httpcore/_async/connection_pool.py\", line 153, in request\n    method, url, headers=headers, stream=stream, timeout=timeout\n  File \"/usr/local/lib/python3.7/site-packages/httpcore/_async/connection.py\", line 65, in request\n    self.socket = await self._open_socket(timeout)\n  File \"/usr/local/lib/python3.7/site-packages/httpcore/_async/connection.py\", line 86, in _open_socket\n    hostname, port, ssl_context, timeout\n  File \"/usr/local/lib/python3.7/site-packages/httpcore/_backends/auto.py\", line 38, in open_tcp_stream\n    return await self.backend.open_tcp_stream(hostname, port, ssl_context, timeout)\n  File \"/usr/local/lib/python3.7/site-packages/httpcore/_backends/asyncio.py\", line 234, in open_tcp_stream\n    stream_reader=stream_reader, stream_writer=stream_writer\n  File \"/usr/local/lib/python3.7/contextlib.py\", line 130, in __exit__\n    self.gen.throw(type, value, traceback)\n  File \"/usr/local/lib/python3.7/site-packages/httpcore/_exceptions.py\", line 12, in map_exceptions\n    raise to_exc(exc) from None\nhttpcore._exceptions.ConnectError: [Errno 111] Connect call failed ('172.31.0.3', 3000)"}
[34mtowel_1     |[0m {"severity": "ERROR", "name": "prefect-server.ZombieKiller", "message": "Unexpected error: APIError('Unable to complete operation. An internal API error occurred.')", "exc_info": "Traceback (most recent call last):\n  File \"/prefect-server/src/prefect_server/utilities/exceptions.py\", line 87, in reraise_as_api_error\n    yield\n  File \"/prefect-server/src/prefect_server/utilities/graphql.py\", line 64, in execute\n    timeout=30,\n  File \"/usr/local/lib/python3.7/site-packages/httpx/_client.py\", line 1385, in post\n    timeout=timeout,\n  File \"/usr/local/lib/python3.7/site-packages/httpx/_client.py\", line 1148, in request\n    request, auth=auth, allow_redirects=allow_redirects, timeout=timeout,\n  File \"/usr/local/lib/python3.7/site-packages/httpx/_client.py\", line 1169, in send\n    request, auth=auth, timeout=timeout, allow_redirects=allow_redirects,\n  File \"/usr/local/lib/python3.7/site-packages/httpx/_client.py\", line 1196, in send_handling_redirects\n    request, auth=auth, timeout=timeout, history=history\n  File \"/usr/local/lib/python3.7/site-packages/httpx/_client.py\", line 1232, in send_handling_auth\n    response = await self.send_single_request(request, timeout)\n  File \"/usr/local/lib/python3.7/site-packages/httpx/_client.py\", line 1269, in send_single_request\n    timeout=timeout.as_dict(),\n  File \"/usr/local/lib/python3.7/site-packages/httpcore/_async/connection_pool.py\", line 153, in request\n    method, url, headers=headers, stream=stream, timeout=timeout\n  File \"/usr/local/lib/python3.7/site-packages/httpcore/_async/connection.py\", line 65, in request\n    self.socket = await self._open_socket(timeout)\n  File \"/usr/local/lib/python3.7/site-packages/httpcore/_async/connection.py\", line 86, in _open_socket\n    hostname, port, ssl_context, timeout\n  File \"/usr/local/lib/python3.7/site-packages/httpcore/_backends/auto.py\", line 38, in open_tcp_stream\n    return await self.backend.open_tcp_stream(hostname, port, ssl_context, timeout)\n  File \"/usr/local/lib/python3.7/site-packages/httpcore/_backends/asyncio.py\", line 234, in open_tcp_stream\n    stream_reader=stream_reader, stream_writer=stream_writer\n  File \"/usr/local/lib/python3.7/contextlib.py\", line 130, in __exit__\n    self.gen.throw(type, value, traceback)\n  File \"/usr/local/lib/python3.7/site-packages/httpcore/_exceptions.py\", line 12, in map_exceptions\n    raise to_exc(exc) from None\nhttpcore._exceptions.ConnectError: [Errno 111] Connect call failed ('172.31.0.3', 3000)\n\nThe above exception was the direct cause of the following exception:\n\nTraceback (most recent call last):\n  File \"/prefect-server/src/prefect_server/services/loop_service.py\", line 60, in run\n    await self.run_once()\n  File \"/prefect-server/src/prefect_server/services/towel/zombie_killer.py\", line 216, in run_once\n    await self.reap_zombie_task_runs()\n  File \"/prefect-server/src/prefect_server/services/towel/zombie_killer.py\", line 153, in reap_zombie_task_runs\n    apply_schema=False,\n  File \"/prefect-server/src/prefect_server/database/orm.py\", line 501, in get\n    as_box=not apply_schema,\n  File \"/prefect-server/src/prefect_server/database/hasura.py\", line 85, in execute\n    as_box=as_box,\n  File \"/prefect-server/src/prefect_server/utilities/graphql.py\", line 64, in execute\n    timeout=30,\n  File \"/usr/local/lib/python3.7/contextlib.py\", line 188, in __aexit__\n    await self.gen.athrow(typ, value, traceback)\n  File \"/prefect-server/src/prefect_server/utilities/exceptions.py\", line 93, in reraise_as_api_error\n    raise APIError() from exc\nprefect_server.utilities.exceptions.APIError: Unable to complete operation. An internal API error occurred."}
[34mtowel_1     |[0m {"severity": "ERROR", "name": "prefect-server.HasuraClient", "message": "Encountered internal API exception: [Errno 111] Connect call failed ('172.31.0.3', 3000)", "exc_info": "Traceback (most recent call last):\n  File \"/prefect-server/src/prefect_server/utilities/exceptions.py\", line 87, in reraise_as_api_error\n    yield\n  File \"/prefect-server/src/prefect_server/utilities/graphql.py\", line 64, in execute\n    timeout=30,\n  File \"/usr/local/lib/python3.7/site-packages/httpx/_client.py\", line 1385, in post\n    timeout=timeout,\n  File \"/usr/local/lib/python3.7/site-packages/httpx/_client.py\", line 1148, in request\n    request, auth=auth, allow_redirects=allow_redirects, timeout=timeout,\n  File \"/usr/local/lib/python3.7/site-packages/httpx/_client.py\", line 1169, in send\n    request, auth=auth, timeout=timeout, allow_redirects=allow_redirects,\n  File \"/usr/local/lib/python3.7/site-packages/httpx/_client.py\", line 1196, in send_handling_redirects\n    request, auth=auth, timeout=timeout, history=history\n  File \"/usr/local/lib/python3.7/site-packages/httpx/_client.py\", line 1232, in send_handling_auth\n    response = await self.send_single_request(request, timeout)\n  File \"/usr/local/lib/python3.7/site-packages/httpx/_client.py\", line 1269, in send_single_request\n    timeout=timeout.as_dict(),\n  File \"/usr/local/lib/python3.7/site-packages/httpcore/_async/connection_pool.py\", line 153, in request\n    method, url, headers=headers, stream=stream, timeout=timeout\n  File \"/usr/local/lib/python3.7/site-packages/httpcore/_async/connection.py\", line 65, in request\n    self.socket = await self._open_socket(timeout)\n  File \"/usr/local/lib/python3.7/site-packages/httpcore/_async/connection.py\", line 86, in _open_socket\n    hostname, port, ssl_context, timeout\n  File \"/usr/local/lib/python3.7/site-packages/httpcore/_backends/auto.py\", line 38, in open_tcp_stream\n    return await self.backend.open_tcp_stream(hostname, port, ssl_context, timeout)\n  File \"/usr/local/lib/python3.7/site-packages/httpcore/_backends/asyncio.py\", line 234, in open_tcp_stream\n    stream_reader=stream_reader, stream_writer=stream_writer\n  File \"/usr/local/lib/python3.7/contextlib.py\", line 130, in __exit__\n    self.gen.throw(type, value, traceback)\n  File \"/usr/local/lib/python3.7/site-packages/httpcore/_exceptions.py\", line 12, in map_exceptions\n    raise to_exc(exc) from None\nhttpcore._exceptions.ConnectError: [Errno 111] Connect call failed ('172.31.0.3', 3000)"}
[34mtowel_1     |[0m {"severity": "ERROR", "name": "prefect-server.Lazarus", "message": "Unexpected error: APIError('Unable to complete operation. An internal API error occurred.')", "exc_info": "Traceback (most recent call last):\n  File \"/prefect-server/src/prefect_server/utilities/exceptions.py\", line 87, in reraise_as_api_error\n    yield\n  File \"/prefect-server/src/prefect_server/utilities/graphql.py\", line 64, in execute\n    timeout=30,\n  File \"/usr/local/lib/python3.7/site-packages/httpx/_client.py\", line 1385, in post\n    timeout=timeout,\n  File \"/usr/local/lib/python3.7/site-packages/httpx/_client.py\", line 1148, in request\n    request, auth=auth, allow_redirects=allow_redirects, timeout=timeout,\n  File \"/usr/local/lib/python3.7/site-packages/httpx/_client.py\", line 1169, in send\n    request, auth=auth, timeout=timeout, allow_redirects=allow_redirects,\n  File \"/usr/local/lib/python3.7/site-packages/httpx/_client.py\", line 1196, in send_handling_redirects\n    request, auth=auth, timeout=timeout, history=history\n  File \"/usr/local/lib/python3.7/site-packages/httpx/_client.py\", line 1232, in send_handling_auth\n    response = await self.send_single_request(request, timeout)\n  File \"/usr/local/lib/python3.7/site-packages/httpx/_client.py\", line 1269, in send_single_request\n    timeout=timeout.as_dict(),\n  File \"/usr/local/lib/python3.7/site-packages/httpcore/_async/connection_pool.py\", line 153, in request\n    method, url, headers=headers, stream=stream, timeout=timeout\n  File \"/usr/local/lib/python3.7/site-packages/httpcore/_async/connection.py\", line 65, in request\n    self.socket = await self._open_socket(timeout)\n  File \"/usr/local/lib/python3.7/site-packages/httpcore/_async/connection.py\", line 86, in _open_socket\n    hostname, port, ssl_context, timeout\n  File \"/usr/local/lib/python3.7/site-packages/httpcore/_backends/auto.py\", line 38, in open_tcp_stream\n    return await self.backend.open_tcp_stream(hostname, port, ssl_context, timeout)\n  File \"/usr/local/lib/python3.7/site-packages/httpcore/_backends/asyncio.py\", line 234, in open_tcp_stream\n    stream_reader=stream_reader, stream_writer=stream_writer\n  File \"/usr/local/lib/python3.7/contextlib.py\", line 130, in __exit__\n    self.gen.throw(type, value, traceback)\n  File \"/usr/local/lib/python3.7/site-packages/httpcore/_exceptions.py\", line 12, in map_exceptions\n    raise to_exc(exc) from None\nhttpcore._exceptions.ConnectError: [Errno 111] Connect call failed ('172.31.0.3', 3000)\n\nThe above exception was the direct cause of the following exception:\n\nTraceback (most recent call last):\n  File \"/prefect-server/src/prefect_server/services/loop_service.py\", line 60, in run\n    await self.run_once()\n  File \"/prefect-server/src/prefect_server/services/towel/lazarus.py\", line 37, in run_once\n    return await self.reschedule_flow_runs()\n  File \"/prefect-server/src/prefect_server/services/towel/lazarus.py\", line 89, in reschedule_flow_runs\n    limit=5000,\n  File \"/prefect-server/src/prefect_server/database/orm.py\", line 501, in get\n    as_box=not apply_schema,\n  File \"/prefect-server/src/prefect_server/database/hasura.py\", line 85, in execute\n    as_box=as_box,\n  File \"/prefect-server/src/prefect_server/utilities/graphql.py\", line 64, in execute\n    timeout=30,\n  File \"/usr/local/lib/python3.7/contextlib.py\", line 188, in __aexit__\n    await self.gen.athrow(typ, value, traceback)\n  File \"/prefect-server/src/prefect_server/utilities/exceptions.py\", line 93, in reraise_as_api_error\n    raise APIError() from exc\nprefect_server.utilities.exceptions.APIError: Unable to complete operation. An internal API error occurred."}
[33mgraphql_1   |[0m 
[33mgraphql_1   |[0m Running Alembic migrations...
[33mgraphql_1   |[0m INFO  [alembic.runtime.migration] Context impl PostgresqlImpl.
[33mgraphql_1   |[0m INFO  [alembic.runtime.migration] Will assume transactional DDL.
[33mgraphql_1   |[0m INFO  [alembic.runtime.migration] Running upgrade  -> 27811b58307b, Create extensions and initial settings
[33mgraphql_1   |[0m INFO  [alembic.runtime.migration] Running upgrade 27811b58307b -> 72e2cd3e0469, Initial database tables migration
[33mgraphql_1   |[0m INFO  [alembic.runtime.migration] Running upgrade 72e2cd3e0469 -> c4d792bdd05e, Add flow run idempotency key
[33mgraphql_1   |[0m INFO  [alembic.runtime.migration] Running upgrade c4d792bdd05e -> 3398e4807bfb, Add traversal functions
[33mgraphql_1   |[0m INFO  [alembic.runtime.migration] Running upgrade 3398e4807bfb -> b9086bd4b962, Create message table
[33mgraphql_1   |[0m INFO  [alembic.runtime.migration] Running upgrade b9086bd4b962 -> c1f317aa658c, Remove state_id foreign keys
[33mgraphql_1   |[0m INFO  [alembic.runtime.migration] Running upgrade c1f317aa658c -> 6611fd0ccc73, Simplify run state update triggers
[33mgraphql_1   |[0m INFO  [alembic.runtime.migration] Running upgrade 6611fd0ccc73 -> 70528cee0d2b, Add agent persistence
[33mgraphql_1   |[0m INFO  [alembic.runtime.migration] Running upgrade 70528cee0d2b -> 9cb7539b7363, Add index on agent_id
[33mgraphql_1   |[0m INFO  [alembic.runtime.migration] Running upgrade 9cb7539b7363 -> e148cf9f1e5b, Add task run name
[33mgraphql_1   |[0m INFO  [alembic.runtime.migration] Running upgrade e148cf9f1e5b -> 850b76d44332, Add flow run config
[33mgraphql_1   |[0m INFO  [alembic.runtime.migration] Running upgrade 850b76d44332 -> 24f10aeee83e, Add label column to flow runs
[33mgraphql_1   |[0m INFO  [alembic.runtime.migration] Running upgrade 24f10aeee83e -> 3c87ad7e0b71, Add artifact api
[36mapollo_1    |[0m Checking GraphQL service at http://graphql:4201/health ...
[33mgraphql_1   |[0m INFO  [alembic.runtime.migration] Running upgrade 3c87ad7e0b71 -> 57ac2cb01ac1, Add index for task run names
[33mgraphql_1   |[0m INFO  [alembic.runtime.migration] Running upgrade 57ac2cb01ac1 -> 7ca57ea2fdff, Add run_config to flow runs and flow groups
[33mgraphql_1   |[0m INFO  [alembic.runtime.migration] Running upgrade 7ca57ea2fdff -> 9116e81c6dc2, Add description to flow group table
[33mgraphql_1   |[0m INFO  [alembic.runtime.migration] Running upgrade 9116e81c6dc2 -> 459a61bedc9e, Improve run triggers to handle same-version states
[33mgraphql_1   |[0m INFO  [alembic.runtime.migration] Running upgrade 459a61bedc9e -> a666a3f4e422, Add unique index for idempotency key
[33mgraphql_1   |[0m INFO  [alembic.runtime.migration] Running upgrade a666a3f4e422 -> ac5747fb571c, Add unique constraint on edge table for task IDs
[33mgraphql_1   |[0m 
[33mgraphql_1   |[0m Could not upgrade the database!
[33mgraphql_1   |[0m Error: HTTPConnectionPool(host='hasura', port=3000): Max retries exceeded with url: /v1/query (Caused by NewConnectionError('<urllib3.connection.HTTPConnection object at 0x400b5883d0>: Failed to establish a new connection: [Errno 111] Connection refused'))
[36mapollo_1    |[0m Checking GraphQL service at http://graphql:4201/health ...
[36mapollo_1    |[0m Checking GraphQL service at http://graphql:4201/health ...
[36mapollo_1    |[0m Checking GraphQL service at http://graphql:4201/health ...
[36mapollo_1    |[0m Checking GraphQL service at http://graphql:4201/health ...
[33;1mgraphql_1   |[0m 
[33;1mgraphql_1   |[0m Running Alembic migrations...
[33;1mgraphql_1   |[0m INFO  [alembic.runtime.migration] Context impl PostgresqlImpl.
[33;1mgraphql_1   |[0m INFO  [alembic.runtime.migration] Will assume transactional DDL.
[36mapollo_1    |[0m Checking GraphQL service at http://graphql:4201/health ...
[33;1mgraphql_1   |[0m Applied Hasura metadata from /prefect-server/services/hasura/migrations/metadata.yaml
[33;1mgraphql_1   |[0m 
[33;1mgraphql_1   |[0m Database upgraded!
[36mapollo_1    |[0m Checking GraphQL service at http://graphql:4201/health ...
[36mapollo_1    |[0m Checking GraphQL service at http://graphql:4201/health ...
[36mapollo_1    |[0m Checking GraphQL service at http://graphql:4201/health ...
[36mapollo_1    |[0m Checking GraphQL service at http://graphql:4201/health ...
[33;1mgraphql_1   |[0m {"severity": "INFO", "name": "prefect-server.GraphQL Server", "message": "Using uvicorn log level = 'debug'"}
[33;1mgraphql_1   |[0m INFO:     Started server process [10]
[33;1mgraphql_1   |[0m INFO:     Waiting for application startup.
[33;1mgraphql_1   |[0m INFO:     Application startup complete.
[33;1mgraphql_1   |[0m INFO:     Uvicorn running on http://0.0.0.0:4201 (Press CTRL+C to quit)
[36mapollo_1    |[0m Checking GraphQL service at http://graphql:4201/health ...
[33;1mgraphql_1   |[0m INFO:     172.31.0.6:57038 - "GET /health HTTP/1.1" 200 OK
[36mapollo_1    |[0m {"status":"ok","version":"2021.11.09"}
[36mapollo_1    |[0m GraphQL service healthy!
[36mapollo_1    |[0m 
[36mapollo_1    |[0m > @ serve /apollo
[36mapollo_1    |[0m > node dist/index.js
[36mapollo_1    |[0m 
[36mapollo_1    |[0m Building schema...
[33;1mgraphql_1   |[0m INFO:     172.31.0.6:57074 - "POST /graphql/ HTTP/1.1" 200 OK
[36mapollo_1    |[0m Building schema complete!
[36mapollo_1    |[0m Server ready at http://0.0.0.0:4200 ðŸš€ (version: 2021.11.09)
[36mapollo_1    |[0m Sending telemetry to Prefect Technologies, Inc.: {"source":"prefect_server","type":"startup","payload":{"id":"beffd306-8393-4c13-aa5a-eb7952b21a35","prefect_server_version":"2021.11.09","api_version":"0.2.0"}}
[33;1mgraphql_1   |[0m INFO:     172.31.0.4:51590 - "GET /health HTTP/1.1" 200 OK
[33;1mgraphql_1   |[0m INFO:     172.31.0.6:57100 - "POST /graphql/ HTTP/1.1" 200 OK
[33;1mgraphql_1   |[0m INFO:     172.31.0.6:57108 - "POST /graphql/ HTTP/1.1" 200 OK
[33;1mgraphql_1   |[0m INFO:     172.31.0.6:57114 - "POST /graphql/ HTTP/1.1" 200 OK
[36;1mui_1        |[0m 172.31.0.7 - - [23/Nov/2021:05:51:42 +0000] "HEAD / HTTP/1.1" 200 0 "-" "curl/7.64.0" "-"
[33;1mgraphql_1   |[0m INFO:     172.31.0.6:57134 - "POST /graphql/ HTTP/1.1" 200 OK
[33;1mgraphql_1   |[0m INFO:     172.31.0.4:51642 - "GET /health HTTP/1.1" 200 OK
[33;1mgraphql_1   |[0m INFO:     172.31.0.6:57154 - "POST /graphql/ HTTP/1.1" 200 OK
[36;1mui_1        |[0m 172.31.0.7 - - [23/Nov/2021:05:52:12 +0000] "HEAD / HTTP/1.1" 200 0 "-" "curl/7.64.0" "-"
[33;1mgraphql_1   |[0m INFO:     172.31.0.6:57176 - "POST /graphql/ HTTP/1.1" 200 OK
[33;1mgraphql_1   |[0m INFO:     172.31.0.4:51684 - "GET /health HTTP/1.1" 200 OK
[33;1mgraphql_1   |[0m INFO:     172.31.0.6:57196 - "POST /graphql/ HTTP/1.1" 200 OK
[33;1mgraphql_1   |[0m INFO:     172.31.0.6:57212 - "POST /graphql/ HTTP/1.1" 200 OK
[33;1mgraphql_1   |[0m INFO:     172.31.0.4:51712 - "GET /health HTTP/1.1" 200 OK
[36;1mui_1        |[0m 172.31.0.7 - - [23/Nov/2021:05:52:42 +0000] "HEAD / HTTP/1.1" 200 0 "-" "curl/7.64.0" "-"
[33;1mgraphql_1   |[0m INFO:     172.31.0.6:57230 - "POST /graphql/ HTTP/1.1" 200 OK
[33;1mgraphql_1   |[0m INFO:     172.31.0.6:57246 - "POST /graphql/ HTTP/1.1" 200 OK
[33;1mgraphql_1   |[0m INFO:     172.31.0.4:51750 - "GET /health HTTP/1.1" 200 OK
[33;1mgraphql_1   |[0m INFO:     172.31.0.6:57264 - "POST /graphql/ HTTP/1.1" 200 OK
[36;1mui_1        |[0m 172.31.0.1 - - [23/Nov/2021:05:53:11 +0000] "GET /default?flows= HTTP/1.1" 200 15651 "-" "Mozilla/5.0 (Macintosh; Intel Mac OS X 10_15_7) AppleWebKit/537.36 (KHTML, like Gecko) Chrome/95.0.4638.69 Safari/537.36" "-"
[36;1mui_1        |[0m 172.31.0.1 - - [23/Nov/2021:05:53:11 +0000] "GET /settings.json HTTP/1.1" 200 74 "http://localhost:8080/default?flows=" "Mozilla/5.0 (Macintosh; Intel Mac OS X 10_15_7) AppleWebKit/537.36 (KHTML, like Gecko) Chrome/95.0.4638.69 Safari/537.36" "-"
[33;1mgraphql_1   |[0m INFO:     172.31.0.6:57278 - "POST /graphql/ HTTP/1.1" 200 OK
[33;1mgraphql_1   |[0m INFO:     172.31.0.6:57280 - "POST /graphql/ HTTP/1.1" 200 OK
[36;1mui_1        |[0m 172.31.0.7 - - [23/Nov/2021:05:53:12 +0000] "HEAD / HTTP/1.1" 200 0 "-" "curl/7.64.0" "-"
[33;1mgraphql_1   |[0m INFO:     172.31.0.4:51848 - "GET /health HTTP/1.1" 200 OK
[33;1mgraphql_1   |[0m INFO:     172.31.0.6:57400 - "POST /graphql/ HTTP/1.1" 200 OK
[33;1mgraphql_1   |[0m INFO:     172.31.0.6:57420 - "POST /graphql/ HTTP/1.1" 200 OK
[36;1mui_1        |[0m 172.31.0.1 - - [23/Nov/2021:05:53:29 +0000] "GET /default?overview= HTTP/1.1" 304 0 "-" "Mozilla/5.0 (Macintosh; Intel Mac OS X 10_15_7) AppleWebKit/537.36 (KHTML, like Gecko) Chrome/95.0.4638.69 Safari/537.36" "-"
[36;1mui_1        |[0m 172.31.0.1 - - [23/Nov/2021:05:53:29 +0000] "GET /settings.json HTTP/1.1" 304 0 "http://localhost:8080/default?overview=" "Mozilla/5.0 (Macintosh; Intel Mac OS X 10_15_7) AppleWebKit/537.36 (KHTML, like Gecko) Chrome/95.0.4638.69 Safari/537.36" "-"
[33;1mgraphql_1   |[0m INFO:     172.31.0.6:57470 - "POST /graphql/ HTTP/1.1" 200 OK
[33;1mgraphql_1   |[0m INFO:     172.31.0.6:57472 - "POST /graphql/ HTTP/1.1" 200 OK
[36;1mui_1        |[0m 172.31.0.1 - - [23/Nov/2021:05:53:37 +0000] "GET /default/project/null HTTP/1.1" 200 15651 "http://localhost:8080/default/project/fd1e7a97-57c2-40aa-a10b-027cdabfe65e?overview=" "Mozilla/5.0 (Macintosh; Intel Mac OS X 10_15_7) AppleWebKit/537.36 (KHTML, like Gecko) Chrome/95.0.4638.69 Safari/537.36" "-"
[33;1mgraphql_1   |[0m INFO:     172.31.0.4:52136 - "GET /health HTTP/1.1" 200 OK
[33;1mgraphql_1   |[0m INFO:     172.31.0.6:57642 - "POST /graphql/ HTTP/1.1" 200 OK
[36;1mui_1        |[0m 172.31.0.7 - - [23/Nov/2021:05:53:42 +0000] "HEAD / HTTP/1.1" 200 0 "-" "curl/7.64.0" "-"
[34mtowel_1     |[0m {"severity": "INFO", "name": "prefect-server.Scheduler", "message": "Scheduled 0 flow runs."}
[33;1mgraphql_1   |[0m INFO:     172.31.0.6:57744 - "POST /graphql/ HTTP/1.1" 200 OK
[33;1mgraphql_1   |[0m INFO:     172.31.0.4:52334 - "GET /health HTTP/1.1" 200 OK
[33;1mgraphql_1   |[0m INFO:     172.31.0.6:57840 - "POST /graphql/ HTTP/1.1" 200 OK
[33;1mgraphql_1   |[0m INFO:     172.31.0.6:57948 - "POST /graphql/ HTTP/1.1" 200 OK
[36;1mui_1        |[0m 172.31.0.7 - - [23/Nov/2021:05:54:13 +0000] "HEAD / HTTP/1.1" 200 0 "-" "curl/7.64.0" "-"
[33;1mgraphql_1   |[0m INFO:     172.31.0.4:52492 - "GET /health HTTP/1.1" 200 OK
[33;1mgraphql_1   |[0m INFO:     172.31.0.6:58048 - "POST /graphql/ HTTP/1.1" 200 OK
[33;1mgraphql_1   |[0m INFO:     172.31.0.6:58140 - "POST /graphql/ HTTP/1.1" 200 OK
[33;1mgraphql_1   |[0m INFO:     172.31.0.6:58150 - "POST /graphql/ HTTP/1.1" 200 OK
[33;1mgraphql_1   |[0m INFO:     172.31.0.6:58156 - "POST /graphql/ HTTP/1.1" 200 OK
[33;1mgraphql_1   |[0m INFO:     172.31.0.6:58160 - "POST /graphql/ HTTP/1.1" 200 OK
[33;1mgraphql_1   |[0m INFO:     172.31.0.6:58208 - "POST /graphql/ HTTP/1.1" 200 OK
[33;1mgraphql_1   |[0m INFO:     172.31.0.4:52730 - "GET /health HTTP/1.1" 200 OK
[33;1mgraphql_1   |[0m INFO:     172.31.0.6:58276 - "POST /graphql/ HTTP/1.1" 200 OK
[36;1mui_1        |[0m 172.31.0.7 - - [23/Nov/2021:05:54:43 +0000] "HEAD / HTTP/1.1" 200 0 "-" "curl/7.64.0" "-"
[36;1mui_1        |[0m 172.31.0.1 - - [23/Nov/2021:05:54:44 +0000] "GET /default/project/fd1e7a97-57c2-40aa-a10b-027cdabfe65e?overview= HTTP/1.1" 200 15651 "-" "Mozilla/5.0 (Macintosh; Intel Mac OS X 10_15_7) AppleWebKit/537.36 (KHTML, like Gecko) Chrome/95.0.4638.69 Safari/537.36" "-"
[36;1mui_1        |[0m 172.31.0.1 - - [23/Nov/2021:05:54:44 +0000] "GET /settings.json HTTP/1.1" 304 0 "http://localhost:8080/default/project/fd1e7a97-57c2-40aa-a10b-027cdabfe65e?overview=" "Mozilla/5.0 (Macintosh; Intel Mac OS X 10_15_7) AppleWebKit/537.36 (KHTML, like Gecko) Chrome/95.0.4638.69 Safari/537.36" "-"
[33;1mgraphql_1   |[0m INFO:     172.31.0.6:58300 - "POST /graphql/ HTTP/1.1" 200 OK
[33;1mgraphql_1   |[0m INFO:     172.31.0.6:58304 - "POST /graphql/ HTTP/1.1" 200 OK
[33;1mgraphql_1   |[0m INFO:     172.31.0.6:58414 - "POST /graphql/ HTTP/1.1" 200 OK
[33;1mgraphql_1   |[0m INFO:     172.31.0.4:53012 - "GET /health HTTP/1.1" 200 OK
[36;1mui_1        |[0m 172.31.0.1 - - [23/Nov/2021:05:55:00 +0000] "GET /default/flow/null HTTP/1.1" 200 15651 "http://localhost:8080/default/flow/1e368eb5-f125-49f3-83ac-f581231707f0" "Mozilla/5.0 (Macintosh; Intel Mac OS X 10_15_7) AppleWebKit/537.36 (KHTML, like Gecko) Chrome/95.0.4638.69 Safari/537.36" "-"
[33;1mgraphql_1   |[0m INFO:     172.31.0.6:58528 - "POST /graphql/ HTTP/1.1" 200 OK
[36;1mui_1        |[0m 172.31.0.7 - - [23/Nov/2021:05:55:13 +0000] "HEAD / HTTP/1.1" 200 0 "-" "curl/7.64.0" "-"
[33;1mgraphql_1   |[0m INFO:     172.31.0.6:58612 - "POST /graphql/ HTTP/1.1" 200 OK
[33;1mgraphql_1   |[0m INFO:     172.31.0.4:53158 - "GET /health HTTP/1.1" 200 OK
[33;1mgraphql_1   |[0m INFO:     172.31.0.6:58708 - "POST /graphql/ HTTP/1.1" 200 OK
[33;1mgraphql_1   |[0m INFO:     172.31.0.6:58782 - "POST /graphql/ HTTP/1.1" 200 OK
[33;1mgraphql_1   |[0m INFO:     172.31.0.4:53324 - "GET /health HTTP/1.1" 200 OK
[33;1mgraphql_1   |[0m INFO:     172.31.0.6:58838 - "POST /graphql/ HTTP/1.1" 200 OK
[36;1mui_1        |[0m 172.31.0.1 - - [23/Nov/2021:05:55:42 +0000] "GET /default/flow-run/null HTTP/1.1" 200 15651 "http://localhost:8080/default/flow-run/7dc96b33-17f1-4bca-a7c0-42b76df4babe" "Mozilla/5.0 (Macintosh; Intel Mac OS X 10_15_7) AppleWebKit/537.36 (KHTML, like Gecko) Chrome/95.0.4638.69 Safari/537.36" "-"
[36;1mui_1        |[0m 172.31.0.7 - - [23/Nov/2021:05:55:43 +0000] "HEAD / HTTP/1.1" 200 0 "-" "curl/7.64.0" "-"
[33;1mgraphql_1   |[0m INFO:     172.31.0.6:58846 - "POST /graphql/ HTTP/1.1" 200 OK
[36;1mui_1        |[0m 172.31.0.1 - - [23/Nov/2021:05:55:45 +0000] "GET /state-icons/scheduled.svg HTTP/1.1" 200 779 "http://localhost:8080/default/flow-run/7dc96b33-17f1-4bca-a7c0-42b76df4babe" "Mozilla/5.0 (Macintosh; Intel Mac OS X 10_15_7) AppleWebKit/537.36 (KHTML, like Gecko) Chrome/95.0.4638.69 Safari/537.36" "-"
[33;1mgraphql_1   |[0m INFO:     172.31.0.6:58890 - "POST /graphql/ HTTP/1.1" 200 OK
[33;1mgraphql_1   |[0m INFO:     172.31.0.4:53404 - "GET /health HTTP/1.1" 200 OK
[33;1mgraphql_1   |[0m INFO:     172.31.0.6:58916 - "POST /graphql/ HTTP/1.1" 200 OK
[36;1mui_1        |[0m 172.31.0.7 - - [23/Nov/2021:05:56:13 +0000] "HEAD / HTTP/1.1" 200 0 "-" "curl/7.64.0" "-"
[33;1mgraphql_1   |[0m INFO:     172.31.0.6:58960 - "POST /graphql/ HTTP/1.1" 200 OK
[34mtowel_1     |[0m {"severity": "INFO", "name": "prefect-server.Scheduler", "message": "Scheduled 0 flow runs."}
[34mtowel_1     |[0m {"severity": "DEBUG", "name": "prefect-server.Scheduler", "message": "Heartbeat from Scheduler: next run at 2021-11-23T05:58:46+00:00"}
[33;1mgraphql_1   |[0m INFO:     172.31.0.4:53474 - "GET /health HTTP/1.1" 200 OK
[33;1mgraphql_1   |[0m INFO:     172.31.0.6:59004 - "POST /graphql/ HTTP/1.1" 200 OK
[33;1mgraphql_1   |[0m INFO:     172.31.0.6:59044 - "POST /graphql/ HTTP/1.1" 200 OK
[36;1mui_1        |[0m 172.31.0.1 - - [23/Nov/2021:05:56:37 +0000] "GET /task-run/null HTTP/1.1" 200 15651 "http://localhost:8080/task-run/cb160c31-58b0-4feb-a70b-64bd82c5f613" "Mozilla/5.0 (Macintosh; Intel Mac OS X 10_15_7) AppleWebKit/537.36 (KHTML, like Gecko) Chrome/95.0.4638.69 Safari/537.36" "-"
[36;1mui_1        |[0m 172.31.0.1 - - [23/Nov/2021:05:56:39 +0000] "GET /default/task-run/null HTTP/1.1" 200 15651 "http://localhost:8080/default/task-run/cb160c31-58b0-4feb-a70b-64bd82c5f613?overview=" "Mozilla/5.0 (Macintosh; Intel Mac OS X 10_15_7) AppleWebKit/537.36 (KHTML, like Gecko) Chrome/95.0.4638.69 Safari/537.36" "-"
[36;1mui_1        |[0m 172.31.0.1 - - [23/Nov/2021:05:56:39 +0000] "GET /state-icons/pending.svg HTTP/1.1" 200 779 "http://localhost:8080/default/task-run/cb160c31-58b0-4feb-a70b-64bd82c5f613?overview=" "Mozilla/5.0 (Macintosh; Intel Mac OS X 10_15_7) AppleWebKit/537.36 (KHTML, like Gecko) Chrome/95.0.4638.69 Safari/537.36" "-"
[33;1mgraphql_1   |[0m INFO:     172.31.0.4:53558 - "GET /health HTTP/1.1" 200 OK
[36;1mui_1        |[0m 172.31.0.7 - - [23/Nov/2021:05:56:43 +0000] "HEAD / HTTP/1.1" 200 0 "-" "curl/7.64.0" "-"
[33;1mgraphql_1   |[0m INFO:     172.31.0.6:59090 - "POST /graphql/ HTTP/1.1" 200 OK
[36;1mui_1        |[0m 172.31.0.1 - - [23/Nov/2021:05:56:54 +0000] "GET /flow/null HTTP/1.1" 200 15651 "http://localhost:8080/flow/1e368eb5-f125-49f3-83ac-f581231707f0?version=1" "Mozilla/5.0 (Macintosh; Intel Mac OS X 10_15_7) AppleWebKit/537.36 (KHTML, like Gecko) Chrome/95.0.4638.69 Safari/537.36" "-"
[33;1mgraphql_1   |[0m INFO:     172.31.0.6:59132 - "POST /graphql/ HTTP/1.1" 200 OK
[33;1mgraphql_1   |[0m INFO:     172.31.0.4:53682 - "GET /health HTTP/1.1" 200 OK
[33;1mgraphql_1   |[0m INFO:     172.31.0.6:59206 - "POST /graphql/ HTTP/1.1" 200 OK
[36;1mui_1        |[0m 172.31.0.7 - - [23/Nov/2021:05:57:14 +0000] "HEAD / HTTP/1.1" 200 0 "-" "curl/7.64.0" "-"
[33;1mgraphql_1   |[0m INFO:     172.31.0.6:59308 - "POST /graphql/ HTTP/1.1" 200 OK
[34mtowel_1     |[0m {"severity": "DEBUG", "name": "prefect-server.ZombieKiller", "message": "Heartbeat from ZombieKiller: next run at 2021-11-23T05:59:16+00:00"}
[33;1mgraphql_1   |[0m INFO:     172.31.0.4:53862 - "GET /health HTTP/1.1" 200 OK
[33;1mgraphql_1   |[0m INFO:     172.31.0.6:59398 - "POST /graphql/ HTTP/1.1" 200 OK
[33;1mgraphql_1   |[0m INFO:     172.31.0.6:59500 - "POST /graphql/ HTTP/1.1" 200 OK
[33;1mgraphql_1   |[0m INFO:     172.31.0.4:54050 - "GET /health HTTP/1.1" 200 OK
[36;1mui_1        |[0m 172.31.0.7 - - [23/Nov/2021:05:57:44 +0000] "HEAD / HTTP/1.1" 200 0 "-" "curl/7.64.0" "-"
[33;1mgraphql_1   |[0m INFO:     172.31.0.6:59578 - "POST /graphql/ HTTP/1.1" 200 OK
[33;1mgraphql_1   |[0m INFO:     172.31.0.6:59684 - "POST /graphql/ HTTP/1.1" 200 OK
[33;1mgraphql_1   |[0m INFO:     172.31.0.4:54232 - "GET /health HTTP/1.1" 200 OK
[33;1mgraphql_1   |[0m INFO:     172.31.0.6:59774 - "POST /graphql/ HTTP/1.1" 200 OK
[36;1mui_1        |[0m 172.31.0.7 - - [23/Nov/2021:05:58:14 +0000] "HEAD / HTTP/1.1" 200 0 "-" "curl/7.64.0" "-"
[33;1mgraphql_1   |[0m INFO:     172.31.0.6:59882 - "POST /graphql/ HTTP/1.1" 200 OK
[33;1mgraphql_1   |[0m INFO:     172.31.0.4:54430 - "GET /health HTTP/1.1" 200 OK
[33;1mgraphql_1   |[0m INFO:     172.31.0.6:59956 - "POST /graphql/ HTTP/1.1" 200 OK
[33;1mgraphql_1   |[0m INFO:     172.31.0.6:60048 - "POST /graphql/ HTTP/1.1" 200 OK
[33;1mgraphql_1   |[0m INFO:     172.31.0.4:54580 - "GET /health HTTP/1.1" 200 OK
[36;1mui_1        |[0m 172.31.0.7 - - [23/Nov/2021:05:58:44 +0000] "HEAD / HTTP/1.1" 200 0 "-" "curl/7.64.0" "-"
[34mtowel_1     |[0m {"severity": "INFO", "name": "prefect-server.Scheduler", "message": "Scheduled 0 flow runs."}
[33;1mgraphql_1   |[0m INFO:     172.31.0.6:60146 - "POST /graphql/ HTTP/1.1" 200 OK
[33;1mgraphql_1   |[0m INFO:     172.31.0.6:60240 - "POST /graphql/ HTTP/1.1" 200 OK
[33;1mgraphql_1   |[0m INFO:     172.31.0.4:54788 - "GET /health HTTP/1.1" 200 OK
[33;1mgraphql_1   |[0m INFO:     172.31.0.6:60304 - "POST /graphql/ HTTP/1.1" 200 OK
[36;1mui_1        |[0m 172.31.0.7 - - [23/Nov/2021:05:59:14 +0000] "HEAD / HTTP/1.1" 200 0 "-" "curl/7.64.0" "-"
[33;1mgraphql_1   |[0m INFO:     172.31.0.6:60342 - "POST /graphql/ HTTP/1.1" 200 OK
[33;1mgraphql_1   |[0m INFO:     172.31.0.4:54856 - "GET /health HTTP/1.1" 200 OK
[33;1mgraphql_1   |[0m INFO:     172.31.0.6:60374 - "POST /graphql/ HTTP/1.1" 200 OK
[33;1mgraphql_1   |[0m INFO:     172.31.0.6:60422 - "POST /graphql/ HTTP/1.1" 200 OK
[33;1mgraphql_1   |[0m INFO:     172.31.0.4:54930 - "GET /health HTTP/1.1" 200 OK
[36;1mui_1        |[0m 172.31.0.7 - - [23/Nov/2021:05:59:45 +0000] "HEAD / HTTP/1.1" 200 0 "-" "curl/7.64.0" "-"
[33;1mgraphql_1   |[0m INFO:     172.31.0.6:60464 - "POST /graphql/ HTTP/1.1" 200 OK
[33;1mgraphql_1   |[0m INFO:     172.31.0.6:60524 - "POST /graphql/ HTTP/1.1" 200 OK
[33;1mgraphql_1   |[0m INFO:     172.31.0.4:55068 - "GET /health HTTP/1.1" 200 OK
[33;1mgraphql_1   |[0m INFO:     172.31.0.6:60578 - "POST /graphql/ HTTP/1.1" 200 OK
[36;1mui_1        |[0m 172.31.0.7 - - [23/Nov/2021:06:00:15 +0000] "HEAD / HTTP/1.1" 200 0 "-" "curl/7.64.0" "-"
[33;1mgraphql_1   |[0m INFO:     172.31.0.6:60612 - "POST /graphql/ HTTP/1.1" 200 OK
[33;1mgraphql_1   |[0m INFO:     172.31.0.4:55122 - "GET /health HTTP/1.1" 200 OK
[33;1mgraphql_1   |[0m INFO:     172.31.0.6:60648 - "POST /graphql/ HTTP/1.1" 200 OK
[33;1mgraphql_1   |[0m INFO:     172.31.0.6:60720 - "POST /graphql/ HTTP/1.1" 200 OK
[33;1mgraphql_1   |[0m INFO:     172.31.0.4:55268 - "GET /health HTTP/1.1" 200 OK
[36;1mui_1        |[0m 172.31.0.7 - - [23/Nov/2021:06:00:45 +0000] "HEAD / HTTP/1.1" 200 0 "-" "curl/7.64.0" "-"
[33;1mgraphql_1   |[0m INFO:     172.31.0.6:60804 - "POST /graphql/ HTTP/1.1" 200 OK
[33;1mgraphql_1   |[0m INFO:     172.31.0.6:60866 - "POST /graphql/ HTTP/1.1" 200 OK
[33;1mgraphql_1   |[0m INFO:     172.31.0.4:55392 - "GET /health HTTP/1.1" 200 OK
[33;1mgraphql_1   |[0m INFO:     172.31.0.6:60926 - "POST /graphql/ HTTP/1.1" 200 OK
[36;1mui_1        |[0m 172.31.0.7 - - [23/Nov/2021:06:01:15 +0000] "HEAD / HTTP/1.1" 200 0 "-" "curl/7.64.0" "-"
[34mtowel_1     |[0m {"severity": "DEBUG", "name": "prefect-server.Lazarus", "message": "Heartbeat from Lazarus: next run at 2021-11-23T06:11:16+00:00"}
[34mtowel_1     |[0m {"severity": "INFO", "name": "prefect-server.Scheduler", "message": "Scheduled 0 flow runs."}
[34mtowel_1     |[0m {"severity": "DEBUG", "name": "prefect-server.Scheduler", "message": "Heartbeat from Scheduler: next run at 2021-11-23T06:03:46+00:00"}
[33;1mgraphql_1   |[0m INFO:     172.31.0.6:60986 - "POST /graphql/ HTTP/1.1" 200 OK
[33;1mgraphql_1   |[0m INFO:     172.31.0.4:55524 - "GET /health HTTP/1.1" 200 OK
[33;1mgraphql_1   |[0m INFO:     172.31.0.6:32818 - "POST /graphql/ HTTP/1.1" 200 OK
[33;1mgraphql_1   |[0m Required parameters were not supplied: {'num'}
[33;1mgraphql_1   |[0m 
[33;1mgraphql_1   |[0m GraphQL request:2:3
[33;1mgraphql_1   |[0m 1 | mutation ($input: create_flow_run_input!) {
[33;1mgraphql_1   |[0m 2 |   create_flow_run(input: $input) {
[33;1mgraphql_1   |[0m   |   ^
[33;1mgraphql_1   |[0m 3 |     id
[33;1mgraphql_1   |[0m Traceback (most recent call last):
[33;1mgraphql_1   |[0m   File "/usr/local/lib/python3.7/site-packages/graphql/execution/execute.py", line 628, in await_result
[33;1mgraphql_1   |[0m     return await result
[33;1mgraphql_1   |[0m   File "/prefect-server/src/prefect_server/graphql/extensions.py", line 52, in resolve
[33;1mgraphql_1   |[0m     result = await result
[33;1mgraphql_1   |[0m   File "/prefect-server/src/prefect_server/graphql/runs.py", line 119, in resolve_create_flow_run
[33;1mgraphql_1   |[0m     run_config=input.get("run_config"),
[33;1mgraphql_1   |[0m   File "/prefect-server/src/prefect_server/api/runs.py", line 171, in create_flow_run
[33;1mgraphql_1   |[0m     raise ValueError(f"Required parameters were not supplied: {missing}")
[33;1mgraphql_1   |[0m ValueError: Required parameters were not supplied: {'num'}
[33;1mgraphql_1   |[0m 
[33;1mgraphql_1   |[0m The above exception was the direct cause of the following exception:
[33;1mgraphql_1   |[0m 
[33;1mgraphql_1   |[0m Traceback (most recent call last):
[33;1mgraphql_1   |[0m   File "/usr/local/lib/python3.7/site-packages/graphql/execution/execute.py", line 674, in await_completed
[33;1mgraphql_1   |[0m     return await completed
[33;1mgraphql_1   |[0m   File "/usr/local/lib/python3.7/site-packages/graphql/execution/execute.py", line 659, in await_result
[33;1mgraphql_1   |[0m     return_type, field_nodes, info, path, await result
[33;1mgraphql_1   |[0m   File "/usr/local/lib/python3.7/site-packages/graphql/execution/execute.py", line 733, in complete_value
[33;1mgraphql_1   |[0m     raise result
[33;1mgraphql_1   |[0m   File "/usr/local/lib/python3.7/site-packages/graphql/execution/execute.py", line 628, in await_result
[33;1mgraphql_1   |[0m     return await result
[33;1mgraphql_1   |[0m   File "/prefect-server/src/prefect_server/graphql/extensions.py", line 52, in resolve
[33;1mgraphql_1   |[0m     result = await result
[33;1mgraphql_1   |[0m   File "/prefect-server/src/prefect_server/graphql/runs.py", line 119, in resolve_create_flow_run
[33;1mgraphql_1   |[0m     run_config=input.get("run_config"),
[33;1mgraphql_1   |[0m   File "/prefect-server/src/prefect_server/api/runs.py", line 171, in create_flow_run
[33;1mgraphql_1   |[0m     raise ValueError(f"Required parameters were not supplied: {missing}")
[33;1mgraphql_1   |[0m graphql.error.graphql_error.GraphQLError: Required parameters were not supplied: {'num'}
[33;1mgraphql_1   |[0m 
[33;1mgraphql_1   |[0m GraphQL request:2:3
[33;1mgraphql_1   |[0m 1 | mutation ($input: create_flow_run_input!) {
[33;1mgraphql_1   |[0m 2 |   create_flow_run(input: $input) {
[33;1mgraphql_1   |[0m   |   ^
[33;1mgraphql_1   |[0m 3 |     id
[33;1mgraphql_1   |[0m INFO:     172.31.0.6:32844 - "POST /graphql/ HTTP/1.1" 200 OK
[36mapollo_1    |[0m Sending telemetry to Prefect Technologies, Inc.: {"source":"prefect_server","type":"heartbeat","payload":{"id":"beffd306-8393-4c13-aa5a-eb7952b21a35","prefect_server_version":"2021.11.09","api_version":"0.2.0"}}
[33;1mgraphql_1   |[0m INFO:     172.31.0.6:32884 - "POST /graphql/ HTTP/1.1" 200 OK
[33;1mgraphql_1   |[0m INFO:     172.31.0.4:55636 - "GET /health HTTP/1.1" 200 OK
[36;1mui_1        |[0m 172.31.0.7 - - [23/Nov/2021:06:01:45 +0000] "HEAD / HTTP/1.1" 200 0 "-" "curl/7.64.0" "-"
[33;1mgraphql_1   |[0m INFO:     172.31.0.6:32964 - "POST /graphql/ HTTP/1.1" 200 OK
[33;1mgraphql_1   |[0m INFO:     172.31.0.6:33034 - "POST /graphql/ HTTP/1.1" 200 OK
[33;1mgraphql_1   |[0m INFO:     172.31.0.4:55772 - "GET /health HTTP/1.1" 200 OK
[33;1mgraphql_1   |[0m INFO:     172.31.0.6:33102 - "POST /graphql/ HTTP/1.1" 200 OK
[36;1mui_1        |[0m 172.31.0.7 - - [23/Nov/2021:06:02:15 +0000] "HEAD / HTTP/1.1" 200 0 "-" "curl/7.64.0" "-"
[33;1mgraphql_1   |[0m INFO:     172.31.0.4:55892 - "GET /health HTTP/1.1" 200 OK
[33;1mgraphql_1   |[0m INFO:     172.31.0.6:33168 - "POST /graphql/ HTTP/1.1" 200 OK
[33;1mgraphql_1   |[0m INFO:     172.31.0.6:33230 - "POST /graphql/ HTTP/1.1" 200 OK
[33;1mgraphql_1   |[0m INFO:     172.31.0.4:56028 - "GET /health HTTP/1.1" 200 OK
[36;1mui_1        |[0m 172.31.0.7 - - [23/Nov/2021:06:02:46 +0000] "HEAD / HTTP/1.1" 200 0 "-" "curl/7.64.0" "-"
[33;1mgraphql_1   |[0m INFO:     172.31.0.6:33306 - "POST /graphql/ HTTP/1.1" 200 OK
[33;1mgraphql_1   |[0m INFO:     172.31.0.6:33398 - "POST /graphql/ HTTP/1.1" 200 OK
[33;1mgraphql_1   |[0m INFO:     172.31.0.4:56170 - "GET /health HTTP/1.1" 200 OK
[33;1mgraphql_1   |[0m INFO:     172.31.0.6:33468 - "POST /graphql/ HTTP/1.1" 200 OK
[36;1mui_1        |[0m 172.31.0.7 - - [23/Nov/2021:06:03:16 +0000] "HEAD / HTTP/1.1" 200 0 "-" "curl/7.64.0" "-"
[34mtowel_1     |[0m {"severity": "DEBUG", "name": "prefect-server.ZombieKiller", "message": "Heartbeat from ZombieKiller: next run at 2021-11-23T06:05:16+00:00"}
[33;1mgraphql_1   |[0m INFO:     172.31.0.6:33522 - "POST /graphql/ HTTP/1.1" 200 OK
[33;1mgraphql_1   |[0m INFO:     172.31.0.4:56280 - "GET /health HTTP/1.1" 200 OK
[33;1mgraphql_1   |[0m INFO:     172.31.0.6:33598 - "POST /graphql/ HTTP/1.1" 200 OK
[33;1mgraphql_1   |[0m INFO:     172.31.0.6:33606 - "POST /graphql/ HTTP/1.1" 200 OK
[33;1mgraphql_1   |[0m INFO:     172.31.0.6:33664 - "POST /graphql/ HTTP/1.1" 200 OK
[33;1mgraphql_1   |[0m INFO:     172.31.0.4:56418 - "GET /health HTTP/1.1" 200 OK
[36;1mui_1        |[0m 172.31.0.7 - - [23/Nov/2021:06:03:46 +0000] "HEAD / HTTP/1.1" 200 0 "-" "curl/7.64.0" "-"
[34mtowel_1     |[0m {"severity": "INFO", "name": "prefect-server.Scheduler", "message": "Scheduled 0 flow runs."}
[33;1mgraphql_1   |[0m INFO:     172.31.0.6:33704 - "POST /graphql/ HTTP/1.1" 200 OK
[33;1mgraphql_1   |[0m INFO:     172.31.0.6:33750 - "POST /graphql/ HTTP/1.1" 200 OK
[33;1mgraphql_1   |[0m INFO:     172.31.0.6:33876 - "POST /graphql/ HTTP/1.1" 200 OK
[33;1mgraphql_1   |[0m INFO:     172.31.0.4:56632 - "GET /health HTTP/1.1" 200 OK
[33;1mgraphql_1   |[0m INFO:     172.31.0.6:34004 - "POST /graphql/ HTTP/1.1" 200 OK
[36;1mui_1        |[0m 172.31.0.7 - - [23/Nov/2021:06:04:16 +0000] "HEAD / HTTP/1.1" 200 0 "-" "curl/7.64.0" "-"
[33;1mgraphql_1   |[0m INFO:     172.31.0.6:34070 - "POST /graphql/ HTTP/1.1" 200 OK
[33;1mgraphql_1   |[0m INFO:     172.31.0.4:56822 - "GET /health HTTP/1.1" 200 OK
[33;1mgraphql_1   |[0m INFO:     172.31.0.6:34148 - "POST /graphql/ HTTP/1.1" 200 OK
[36;1mui_1        |[0m 172.31.0.1 - - [23/Nov/2021:06:04:39 +0000] "GET /project/null HTTP/1.1" 200 15651 "http://localhost:8080/project/fd1e7a97-57c2-40aa-a10b-027cdabfe65e" "Mozilla/5.0 (Macintosh; Intel Mac OS X 10_15_7) AppleWebKit/537.36 (KHTML, like Gecko) Chrome/95.0.4638.69 Safari/537.36" "-"
[33;1mgraphql_1   |[0m INFO:     172.31.0.6:34266 - "POST /graphql/ HTTP/1.1" 200 OK
[33;1mgraphql_1   |[0m INFO:     172.31.0.4:57044 - "GET /health HTTP/1.1" 200 OK
[36;1mui_1        |[0m 172.31.0.7 - - [23/Nov/2021:06:04:46 +0000] "HEAD / HTTP/1.1" 200 0 "-" "curl/7.64.0" "-"
[33;1mgraphql_1   |[0m INFO:     172.31.0.6:34406 - "POST /graphql/ HTTP/1.1" 200 OK
[33;1mgraphql_1   |[0m INFO:     172.31.0.6:34612 - "POST /graphql/ HTTP/1.1" 200 OK
[33;1mgraphql_1   |[0m INFO:     172.31.0.4:57356 - "GET /health HTTP/1.1" 200 OK
[33;1mgraphql_1   |[0m INFO:     172.31.0.6:34750 - "POST /graphql/ HTTP/1.1" 200 OK
[36;1mui_1        |[0m 172.31.0.7 - - [23/Nov/2021:06:05:16 +0000] "HEAD / HTTP/1.1" 200 0 "-" "curl/7.64.0" "-"
[33;1mgraphql_1   |[0m INFO:     172.31.0.6:34944 - "POST /graphql/ HTTP/1.1" 200 OK
[33;1mgraphql_1   |[0m INFO:     172.31.0.4:57696 - "GET /health HTTP/1.1" 200 OK
[33;1mgraphql_1   |[0m INFO:     172.31.0.6:35084 - "POST /graphql/ HTTP/1.1" 200 OK
[33;1mgraphql_1   |[0m INFO:     172.31.0.6:35222 - "POST /graphql/ HTTP/1.1" 200 OK
[33;1mgraphql_1   |[0m INFO:     172.31.0.4:57960 - "GET /health HTTP/1.1" 200 OK
[36;1mui_1        |[0m 172.31.0.7 - - [23/Nov/2021:06:05:47 +0000] "HEAD / HTTP/1.1" 200 0 "-" "curl/7.64.0" "-"
[33;1mgraphql_1   |[0m INFO:     172.31.0.6:35372 - "POST /graphql/ HTTP/1.1" 200 OK
[33;1mgraphql_1   |[0m INFO:     172.31.0.6:35554 - "POST /graphql/ HTTP/1.1" 200 OK
[33;1mgraphql_1   |[0m INFO:     172.31.0.4:58292 - "GET /health HTTP/1.1" 200 OK
[33;1mgraphql_1   |[0m INFO:     172.31.0.6:35696 - "POST /graphql/ HTTP/1.1" 200 OK
[34mtowel_1     |[0m {"severity": "INFO", "name": "prefect-server.Scheduler", "message": "Scheduled 0 flow runs."}
[34mtowel_1     |[0m {"severity": "DEBUG", "name": "prefect-server.Scheduler", "message": "Heartbeat from Scheduler: next run at 2021-11-23T06:08:46+00:00"}
[36;1mui_1        |[0m 172.31.0.7 - - [23/Nov/2021:06:06:17 +0000] "HEAD / HTTP/1.1" 200 0 "-" "curl/7.64.0" "-"
[33;1mgraphql_1   |[0m INFO:     172.31.0.4:58580 - "GET /health HTTP/1.1" 200 OK
[33;1mgraphql_1   |[0m INFO:     172.31.0.6:35854 - "POST /graphql/ HTTP/1.1" 200 OK
[33;1mgraphql_1   |[0m INFO:     172.31.0.6:35986 - "POST /graphql/ HTTP/1.1" 200 OK
[33;1mgraphql_1   |[0m INFO:     172.31.0.4:58812 - "GET /health HTTP/1.1" 200 OK
[36;1mui_1        |[0m 172.31.0.7 - - [23/Nov/2021:06:06:47 +0000] "HEAD / HTTP/1.1" 200 0 "-" "curl/7.64.0" "-"
[33;1mgraphql_1   |[0m INFO:     172.31.0.6:36128 - "POST /graphql/ HTTP/1.1" 200 OK
[33;1mgraphql_1   |[0m INFO:     172.31.0.6:36248 - "POST /graphql/ HTTP/1.1" 200 OK
[33;1mgraphql_1   |[0m INFO:     172.31.0.4:59034 - "GET /health HTTP/1.1" 200 OK
[33;1mgraphql_1   |[0m INFO:     172.31.0.6:36356 - "POST /graphql/ HTTP/1.1" 200 OK
[36;1mui_1        |[0m 172.31.0.7 - - [23/Nov/2021:06:07:17 +0000] "HEAD / HTTP/1.1" 200 0 "-" "curl/7.64.0" "-"
[33;1mgraphql_1   |[0m INFO:     172.31.0.6:36460 - "POST /graphql/ HTTP/1.1" 200 OK
[33;1mgraphql_1   |[0m INFO:     172.31.0.4:59248 - "GET /health HTTP/1.1" 200 OK
[33;1mt_graphql_1 exited with code 137
[0m[33mt_graphql_1 exited with code 137
[0m[34mt_towel_1 exited with code 137
[0m[32mt_hasura_1 exited with code 137
[0m[36;1mt_ui_1 exited with code 137
[0m[36mUnexpected API error for t_apollo_1 (HTTP code 404)
Response body:
{"message":"No such container: be9a5f3354f6de96e82df6fd0679ae017ed730b361b6aa018ddd90419e45fb7e"}

[0m[35mpostgres_1  |[0m 2021-11-23 06:07:32.409 UTC [859] FATAL:  terminating connection due to unexpected postmaster exit
[35mpostgres_1  |[0m 2021-11-23 06:07:32.410 UTC [799] FATAL:  terminating connection due to unexpected postmaster exit
[35mpostgres_1  |[0m 2021-11-23 06:07:32.411 UTC [757] FATAL:  terminating connection due to unexpected postmaster exit
[35mpostgres_1  |[0m 2021-11-23 06:07:32.412 UTC [85] FATAL:  terminating connection due to unexpected postmaster exit
[35mpostgres_1  |[0m 2021-11-23 06:07:32.412 UTC [796] FATAL:  terminating connection due to unexpected postmaster exit
[35mpostgres_1  |[0m 2021-11-23 06:07:32.412 UTC [800] FATAL:  terminating connection due to unexpected postmaster exit
[35mt_postgres_1 exited with code 137
[0mPulling postgres ... 
Pulling hasura   ... 
Pulling graphql  ... 
Pulling apollo   ... 
Pulling towel    ... 
Pulling ui       ... 
Pulling hasura   ... pulling from hasura/graphql-engine
Pulling ui       ... pulling from prefecthq/ui
Pulling hasura   ... digest: sha256:814e36b35517704619...
Pulling hasura   ... status: image is up to date for h...
Pulling graphql  ... pulling from prefecthq/server
Pulling towel    ... pulling from prefecthq/server
Pulling hasura   ... done
Pulling ui       ... digest: sha256:cdcb0e7a203d28ecf6...
Pulling ui       ... status: image is up to date for p...
Pulling graphql  ... digest: sha256:9af28fc58f477ebf4d...
Pulling graphql  ... status: image is up to date for p...
Pulling ui       ... done
Pulling postgres ... pulling from library/postgres
Pulling towel    ... digest: sha256:9af28fc58f477ebf4d...
Pulling towel    ... status: image is up to date for p...
Pulling graphql  ... done
Pulling towel    ... done
Pulling postgres ... digest: sha256:597b2f7c8278b35d2f...
Pulling postgres ... status: image is up to date for p...
Pulling postgres ... done
Pulling apollo   ... pulling from prefecthq/apollo
Pulling apollo   ... digest: sha256:81028d10cbc9d2926a...
Pulling apollo   ... status: image is up to date for p...
Pulling apollo   ... done
Creating network "prefect-server" with the default driver
Creating t_postgres_1 ... 
Creating t_postgres_1 ... done
Creating t_hasura_1   ... 
Creating t_hasura_1   ... done
Creating t_graphql_1  ... 
Creating t_graphql_1  ... done
Creating t_towel_1    ... 
Creating t_apollo_1   ... 
Creating t_towel_1    ... done
Creating t_apollo_1   ... done
Creating t_ui_1       ... 
Creating t_ui_1       ... done
Attaching to t_postgres_1, t_hasura_1, t_graphql_1, t_towel_1, t_apollo_1, t_ui_1
[36mapollo_1    |[0m Checking GraphQL service at http://graphql:4201/health ...
[35mpostgres_1  |[0m The files belonging to this database system will be owned by user "postgres".
[35mpostgres_1  |[0m This user must also own the server process.
[35mpostgres_1  |[0m 
[35mpostgres_1  |[0m The database cluster will be initialized with locale "en_US.utf8".
[35mpostgres_1  |[0m The default database encoding has accordingly been set to "UTF8".
[35mpostgres_1  |[0m The default text search configuration will be set to "english".
[35mpostgres_1  |[0m 
[35mpostgres_1  |[0m Data page checksums are disabled.
[35mpostgres_1  |[0m 
[35mpostgres_1  |[0m fixing permissions on existing directory /var/lib/postgresql/data ... ok
[35mpostgres_1  |[0m creating subdirectories ... ok
[35mpostgres_1  |[0m selecting default max_connections ... 100
[35mpostgres_1  |[0m selecting default shared_buffers ... 128MB
[35mpostgres_1  |[0m selecting default timezone ... Etc/UTC
[35mpostgres_1  |[0m selecting dynamic shared memory implementation ... posix
[35mpostgres_1  |[0m creating configuration files ... ok
[35mpostgres_1  |[0m running bootstrap script ... ok
[35mpostgres_1  |[0m performing post-bootstrap initialization ... ok
[35mpostgres_1  |[0m syncing data to disk ... ok
[35mpostgres_1  |[0m 
[35mpostgres_1  |[0m Success. You can now start the database server using:
[35mpostgres_1  |[0m 
[35mpostgres_1  |[0m     pg_ctl -D /var/lib/postgresql/data -l logfile start
[35mpostgres_1  |[0m 
[35mpostgres_1  |[0m 
[35mpostgres_1  |[0m WARNING: enabling "trust" authentication for local connections
[35mpostgres_1  |[0m You can change this by editing pg_hba.conf or using the option -A, or
[35mpostgres_1  |[0m --auth-local and --auth-host, the next time you run initdb.
[35mpostgres_1  |[0m waiting for server to start....2021-11-23 06:08:17.915 UTC [48] LOG:  listening on Unix socket "/var/run/postgresql/.s.PGSQL.5432"
[35mpostgres_1  |[0m 2021-11-23 06:08:17.925 UTC [49] LOG:  database system was shut down at 2021-11-23 06:08:17 UTC
[35mpostgres_1  |[0m 2021-11-23 06:08:17.928 UTC [48] LOG:  database system is ready to accept connections
[35mpostgres_1  |[0m  done
[35mpostgres_1  |[0m server started
[35mpostgres_1  |[0m CREATE DATABASE
[35mpostgres_1  |[0m 
[35mpostgres_1  |[0m 
[35mpostgres_1  |[0m /usr/local/bin/docker-entrypoint.sh: ignoring /docker-entrypoint-initdb.d/*
[35mpostgres_1  |[0m 
[35mpostgres_1  |[0m waiting for server to shut down...2021-11-23 06:08:18.389 UTC [48] LOG:  received fast shutdown request
[35mpostgres_1  |[0m .2021-11-23 06:08:18.390 UTC [48] LOG:  aborting any active transactions
[35mpostgres_1  |[0m 2021-11-23 06:08:18.391 UTC [48] LOG:  background worker "logical replication launcher" (PID 55) exited with exit code 1
[35mpostgres_1  |[0m 2021-11-23 06:08:18.396 UTC [50] LOG:  shutting down
[35mpostgres_1  |[0m 2021-11-23 06:08:18.426 UTC [48] LOG:  database system is shut down
[35mpostgres_1  |[0m  done
[35mpostgres_1  |[0m server stopped
[35mpostgres_1  |[0m 
[35mpostgres_1  |[0m PostgreSQL init process complete; ready for start up.
[35mpostgres_1  |[0m 
[35mpostgres_1  |[0m 2021-11-23 06:08:18.497 UTC [1] LOG:  listening on IPv4 address "0.0.0.0", port 5432
[35mpostgres_1  |[0m 2021-11-23 06:08:18.497 UTC [1] LOG:  listening on IPv6 address "::", port 5432
[35mpostgres_1  |[0m 2021-11-23 06:08:18.504 UTC [1] LOG:  listening on Unix socket "/var/run/postgresql/.s.PGSQL.5432"
[35mpostgres_1  |[0m 2021-11-23 06:08:18.520 UTC [76] LOG:  database system was shut down at 2021-11-23 06:08:18 UTC
[35mpostgres_1  |[0m 2021-11-23 06:08:18.525 UTC [1] LOG:  database system is ready to accept connections
[36;1mui_1        |[0m Missing the PREFECT_SERVER__BASE_URL environment variable.  Using default
[36;1mui_1        |[0m ðŸ‘¾ðŸ‘¾ðŸ‘¾ UI running at localhost:8080 ðŸ‘¾ðŸ‘¾ðŸ‘¾
[36;1mui_1        |[0m 2021/11/23 06:08:19 [notice] 23#23: using the "epoll" event method
[36;1mui_1        |[0m 2021/11/23 06:08:19 [notice] 23#23: nginx/1.20.1
[36;1mui_1        |[0m 2021/11/23 06:08:19 [notice] 23#23: built by gcc 8.3.0 (Debian 8.3.0-6) 
[36;1mui_1        |[0m 2021/11/23 06:08:19 [notice] 23#23: OS: Linux 5.10.47-linuxkit
[36;1mui_1        |[0m 2021/11/23 06:08:19 [notice] 23#23: getrlimit(RLIMIT_NOFILE): 1048576:1048576
[36;1mui_1        |[0m 2021/11/23 06:08:19 [notice] 23#23: start worker processes
[36;1mui_1        |[0m 2021/11/23 06:08:19 [notice] 23#23: start worker process 26
[36;1mui_1        |[0m 2021/11/23 06:08:19 [notice] 23#23: start worker process 27
[36;1mui_1        |[0m 2021/11/23 06:08:19 [notice] 23#23: start worker process 28
[36;1mui_1        |[0m 2021/11/23 06:08:19 [notice] 23#23: start worker process 31
[36;1mui_1        |[0m 2021/11/23 06:08:19 [emerg] 28#28: io_setup() failed (38: Function not implemented)
[36;1mui_1        |[0m 2021/11/23 06:08:19 [emerg] 27#27: io_setup() failed (38: Function not implemented)
[36;1mui_1        |[0m 2021/11/23 06:08:19 [emerg] 26#26: io_setup() failed (38: Function not implemented)
[36;1mui_1        |[0m 2021/11/23 06:08:19 [emerg] 31#31: io_setup() failed (38: Function not implemented)
[36mapollo_1    |[0m Checking GraphQL service at http://graphql:4201/health ...
[36mapollo_1    |[0m Checking GraphQL service at http://graphql:4201/health ...
[36mapollo_1    |[0m Checking GraphQL service at http://graphql:4201/health ...
[36mapollo_1    |[0m Checking GraphQL service at http://graphql:4201/health ...
[34mtowel_1     |[0m {"severity": "ERROR", "name": "prefect-server.HasuraClient", "message": "Encountered internal API exception: [Errno 111] Connect call failed ('192.168.0.3', 3000)", "exc_info": "Traceback (most recent call last):\n  File \"/prefect-server/src/prefect_server/utilities/exceptions.py\", line 87, in reraise_as_api_error\n    yield\n  File \"/prefect-server/src/prefect_server/utilities/graphql.py\", line 64, in execute\n    timeout=30,\n  File \"/usr/local/lib/python3.7/site-packages/httpx/_client.py\", line 1385, in post\n    timeout=timeout,\n  File \"/usr/local/lib/python3.7/site-packages/httpx/_client.py\", line 1148, in request\n    request, auth=auth, allow_redirects=allow_redirects, timeout=timeout,\n  File \"/usr/local/lib/python3.7/site-packages/httpx/_client.py\", line 1169, in send\n    request, auth=auth, timeout=timeout, allow_redirects=allow_redirects,\n  File \"/usr/local/lib/python3.7/site-packages/httpx/_client.py\", line 1196, in send_handling_redirects\n    request, auth=auth, timeout=timeout, history=history\n  File \"/usr/local/lib/python3.7/site-packages/httpx/_client.py\", line 1232, in send_handling_auth\n    response = await self.send_single_request(request, timeout)\n  File \"/usr/local/lib/python3.7/site-packages/httpx/_client.py\", line 1269, in send_single_request\n    timeout=timeout.as_dict(),\n  File \"/usr/local/lib/python3.7/site-packages/httpcore/_async/connection_pool.py\", line 153, in request\n    method, url, headers=headers, stream=stream, timeout=timeout\n  File \"/usr/local/lib/python3.7/site-packages/httpcore/_async/connection.py\", line 65, in request\n    self.socket = await self._open_socket(timeout)\n  File \"/usr/local/lib/python3.7/site-packages/httpcore/_async/connection.py\", line 86, in _open_socket\n    hostname, port, ssl_context, timeout\n  File \"/usr/local/lib/python3.7/site-packages/httpcore/_backends/auto.py\", line 38, in open_tcp_stream\n    return await self.backend.open_tcp_stream(hostname, port, ssl_context, timeout)\n  File \"/usr/local/lib/python3.7/site-packages/httpcore/_backends/asyncio.py\", line 234, in open_tcp_stream\n    stream_reader=stream_reader, stream_writer=stream_writer\n  File \"/usr/local/lib/python3.7/contextlib.py\", line 130, in __exit__\n    self.gen.throw(type, value, traceback)\n  File \"/usr/local/lib/python3.7/site-packages/httpcore/_exceptions.py\", line 12, in map_exceptions\n    raise to_exc(exc) from None\nhttpcore._exceptions.ConnectError: [Errno 111] Connect call failed ('192.168.0.3', 3000)"}
[34mtowel_1     |[0m {"severity": "ERROR", "name": "prefect-server.ZombieKiller", "message": "Unexpected error: APIError('Unable to complete operation. An internal API error occurred.')", "exc_info": "Traceback (most recent call last):\n  File \"/prefect-server/src/prefect_server/utilities/exceptions.py\", line 87, in reraise_as_api_error\n    yield\n  File \"/prefect-server/src/prefect_server/utilities/graphql.py\", line 64, in execute\n    timeout=30,\n  File \"/usr/local/lib/python3.7/site-packages/httpx/_client.py\", line 1385, in post\n    timeout=timeout,\n  File \"/usr/local/lib/python3.7/site-packages/httpx/_client.py\", line 1148, in request\n    request, auth=auth, allow_redirects=allow_redirects, timeout=timeout,\n  File \"/usr/local/lib/python3.7/site-packages/httpx/_client.py\", line 1169, in send\n    request, auth=auth, timeout=timeout, allow_redirects=allow_redirects,\n  File \"/usr/local/lib/python3.7/site-packages/httpx/_client.py\", line 1196, in send_handling_redirects\n    request, auth=auth, timeout=timeout, history=history\n  File \"/usr/local/lib/python3.7/site-packages/httpx/_client.py\", line 1232, in send_handling_auth\n    response = await self.send_single_request(request, timeout)\n  File \"/usr/local/lib/python3.7/site-packages/httpx/_client.py\", line 1269, in send_single_request\n    timeout=timeout.as_dict(),\n  File \"/usr/local/lib/python3.7/site-packages/httpcore/_async/connection_pool.py\", line 153, in request\n    method, url, headers=headers, stream=stream, timeout=timeout\n  File \"/usr/local/lib/python3.7/site-packages/httpcore/_async/connection.py\", line 65, in request\n    self.socket = await self._open_socket(timeout)\n  File \"/usr/local/lib/python3.7/site-packages/httpcore/_async/connection.py\", line 86, in _open_socket\n    hostname, port, ssl_context, timeout\n  File \"/usr/local/lib/python3.7/site-packages/httpcore/_backends/auto.py\", line 38, in open_tcp_stream\n    return await self.backend.open_tcp_stream(hostname, port, ssl_context, timeout)\n  File \"/usr/local/lib/python3.7/site-packages/httpcore/_backends/asyncio.py\", line 234, in open_tcp_stream\n    stream_reader=stream_reader, stream_writer=stream_writer\n  File \"/usr/local/lib/python3.7/contextlib.py\", line 130, in __exit__\n    self.gen.throw(type, value, traceback)\n  File \"/usr/local/lib/python3.7/site-packages/httpcore/_exceptions.py\", line 12, in map_exceptions\n    raise to_exc(exc) from None\nhttpcore._exceptions.ConnectError: [Errno 111] Connect call failed ('192.168.0.3', 3000)\n\nThe above exception was the direct cause of the following exception:\n\nTraceback (most recent call last):\n  File \"/prefect-server/src/prefect_server/services/loop_service.py\", line 60, in run\n    await self.run_once()\n  File \"/prefect-server/src/prefect_server/services/towel/zombie_killer.py\", line 216, in run_once\n    await self.reap_zombie_task_runs()\n  File \"/prefect-server/src/prefect_server/services/towel/zombie_killer.py\", line 153, in reap_zombie_task_runs\n    apply_schema=False,\n  File \"/prefect-server/src/prefect_server/database/orm.py\", line 501, in get\n    as_box=not apply_schema,\n  File \"/prefect-server/src/prefect_server/database/hasura.py\", line 85, in execute\n    as_box=as_box,\n  File \"/prefect-server/src/prefect_server/utilities/graphql.py\", line 64, in execute\n    timeout=30,\n  File \"/usr/local/lib/python3.7/contextlib.py\", line 188, in __aexit__\n    await self.gen.athrow(typ, value, traceback)\n  File \"/prefect-server/src/prefect_server/utilities/exceptions.py\", line 93, in reraise_as_api_error\n    raise APIError() from exc\nprefect_server.utilities.exceptions.APIError: Unable to complete operation. An internal API error occurred."}
[34mtowel_1     |[0m {"severity": "ERROR", "name": "prefect-server.HasuraClient", "message": "Encountered internal API exception: [Errno 111] Connect call failed ('192.168.0.3', 3000)", "exc_info": "Traceback (most recent call last):\n  File \"/prefect-server/src/prefect_server/utilities/exceptions.py\", line 87, in reraise_as_api_error\n    yield\n  File \"/prefect-server/src/prefect_server/utilities/graphql.py\", line 64, in execute\n    timeout=30,\n  File \"/usr/local/lib/python3.7/site-packages/httpx/_client.py\", line 1385, in post\n    timeout=timeout,\n  File \"/usr/local/lib/python3.7/site-packages/httpx/_client.py\", line 1148, in request\n    request, auth=auth, allow_redirects=allow_redirects, timeout=timeout,\n  File \"/usr/local/lib/python3.7/site-packages/httpx/_client.py\", line 1169, in send\n    request, auth=auth, timeout=timeout, allow_redirects=allow_redirects,\n  File \"/usr/local/lib/python3.7/site-packages/httpx/_client.py\", line 1196, in send_handling_redirects\n    request, auth=auth, timeout=timeout, history=history\n  File \"/usr/local/lib/python3.7/site-packages/httpx/_client.py\", line 1232, in send_handling_auth\n    response = await self.send_single_request(request, timeout)\n  File \"/usr/local/lib/python3.7/site-packages/httpx/_client.py\", line 1269, in send_single_request\n    timeout=timeout.as_dict(),\n  File \"/usr/local/lib/python3.7/site-packages/httpcore/_async/connection_pool.py\", line 153, in request\n    method, url, headers=headers, stream=stream, timeout=timeout\n  File \"/usr/local/lib/python3.7/site-packages/httpcore/_async/connection.py\", line 65, in request\n    self.socket = await self._open_socket(timeout)\n  File \"/usr/local/lib/python3.7/site-packages/httpcore/_async/connection.py\", line 86, in _open_socket\n    hostname, port, ssl_context, timeout\n  File \"/usr/local/lib/python3.7/site-packages/httpcore/_backends/auto.py\", line 38, in open_tcp_stream\n    return await self.backend.open_tcp_stream(hostname, port, ssl_context, timeout)\n  File \"/usr/local/lib/python3.7/site-packages/httpcore/_backends/asyncio.py\", line 234, in open_tcp_stream\n    stream_reader=stream_reader, stream_writer=stream_writer\n  File \"/usr/local/lib/python3.7/contextlib.py\", line 130, in __exit__\n    self.gen.throw(type, value, traceback)\n  File \"/usr/local/lib/python3.7/site-packages/httpcore/_exceptions.py\", line 12, in map_exceptions\n    raise to_exc(exc) from None\nhttpcore._exceptions.ConnectError: [Errno 111] Connect call failed ('192.168.0.3', 3000)"}
[34mtowel_1     |[0m {"severity": "ERROR", "name": "prefect-server.Scheduler", "message": "Unexpected error: APIError('Unable to complete operation. An internal API error occurred.')", "exc_info": "Traceback (most recent call last):\n  File \"/prefect-server/src/prefect_server/utilities/exceptions.py\", line 87, in reraise_as_api_error\n    yield\n  File \"/prefect-server/src/prefect_server/utilities/graphql.py\", line 64, in execute\n    timeout=30,\n  File \"/usr/local/lib/python3.7/site-packages/httpx/_client.py\", line 1385, in post\n    timeout=timeout,\n  File \"/usr/local/lib/python3.7/site-packages/httpx/_client.py\", line 1148, in request\n    request, auth=auth, allow_redirects=allow_redirects, timeout=timeout,\n  File \"/usr/local/lib/python3.7/site-packages/httpx/_client.py\", line 1169, in send\n    request, auth=auth, timeout=timeout, allow_redirects=allow_redirects,\n  File \"/usr/local/lib/python3.7/site-packages/httpx/_client.py\", line 1196, in send_handling_redirects\n    request, auth=auth, timeout=timeout, history=history\n  File \"/usr/local/lib/python3.7/site-packages/httpx/_client.py\", line 1232, in send_handling_auth\n    response = await self.send_single_request(request, timeout)\n  File \"/usr/local/lib/python3.7/site-packages/httpx/_client.py\", line 1269, in send_single_request\n    timeout=timeout.as_dict(),\n  File \"/usr/local/lib/python3.7/site-packages/httpcore/_async/connection_pool.py\", line 153, in request\n    method, url, headers=headers, stream=stream, timeout=timeout\n  File \"/usr/local/lib/python3.7/site-packages/httpcore/_async/connection.py\", line 65, in request\n    self.socket = await self._open_socket(timeout)\n  File \"/usr/local/lib/python3.7/site-packages/httpcore/_async/connection.py\", line 86, in _open_socket\n    hostname, port, ssl_context, timeout\n  File \"/usr/local/lib/python3.7/site-packages/httpcore/_backends/auto.py\", line 38, in open_tcp_stream\n    return await self.backend.open_tcp_stream(hostname, port, ssl_context, timeout)\n  File \"/usr/local/lib/python3.7/site-packages/httpcore/_backends/asyncio.py\", line 234, in open_tcp_stream\n    stream_reader=stream_reader, stream_writer=stream_writer\n  File \"/usr/local/lib/python3.7/contextlib.py\", line 130, in __exit__\n    self.gen.throw(type, value, traceback)\n  File \"/usr/local/lib/python3.7/site-packages/httpcore/_exceptions.py\", line 12, in map_exceptions\n    raise to_exc(exc) from None\nhttpcore._exceptions.ConnectError: [Errno 111] Connect call failed ('192.168.0.3', 3000)\n\nThe above exception was the direct cause of the following exception:\n\nTraceback (most recent call last):\n  File \"/prefect-server/src/prefect_server/services/loop_service.py\", line 60, in run\n    await self.run_once()\n  File \"/prefect-server/src/prefect_server/services/towel/scheduler.py\", line 47, in run_once\n    offset=500 * iterations,\n  File \"/prefect-server/src/prefect_server/database/orm.py\", line 501, in get\n    as_box=not apply_schema,\n  File \"/prefect-server/src/prefect_server/database/hasura.py\", line 85, in execute\n    as_box=as_box,\n  File \"/prefect-server/src/prefect_server/utilities/graphql.py\", line 64, in execute\n    timeout=30,\n  File \"/usr/local/lib/python3.7/contextlib.py\", line 188, in __aexit__\n    await self.gen.athrow(typ, value, traceback)\n  File \"/prefect-server/src/prefect_server/utilities/exceptions.py\", line 93, in reraise_as_api_error\n    raise APIError() from exc\nprefect_server.utilities.exceptions.APIError: Unable to complete operation. An internal API error occurred."}
[34mtowel_1     |[0m {"severity": "ERROR", "name": "prefect-server.HasuraClient", "message": "Encountered internal API exception: [Errno 111] Connect call failed ('192.168.0.3', 3000)", "exc_info": "Traceback (most recent call last):\n  File \"/prefect-server/src/prefect_server/utilities/exceptions.py\", line 87, in reraise_as_api_error\n    yield\n  File \"/prefect-server/src/prefect_server/utilities/graphql.py\", line 64, in execute\n    timeout=30,\n  File \"/usr/local/lib/python3.7/site-packages/httpx/_client.py\", line 1385, in post\n    timeout=timeout,\n  File \"/usr/local/lib/python3.7/site-packages/httpx/_client.py\", line 1148, in request\n    request, auth=auth, allow_redirects=allow_redirects, timeout=timeout,\n  File \"/usr/local/lib/python3.7/site-packages/httpx/_client.py\", line 1169, in send\n    request, auth=auth, timeout=timeout, allow_redirects=allow_redirects,\n  File \"/usr/local/lib/python3.7/site-packages/httpx/_client.py\", line 1196, in send_handling_redirects\n    request, auth=auth, timeout=timeout, history=history\n  File \"/usr/local/lib/python3.7/site-packages/httpx/_client.py\", line 1232, in send_handling_auth\n    response = await self.send_single_request(request, timeout)\n  File \"/usr/local/lib/python3.7/site-packages/httpx/_client.py\", line 1269, in send_single_request\n    timeout=timeout.as_dict(),\n  File \"/usr/local/lib/python3.7/site-packages/httpcore/_async/connection_pool.py\", line 153, in request\n    method, url, headers=headers, stream=stream, timeout=timeout\n  File \"/usr/local/lib/python3.7/site-packages/httpcore/_async/connection.py\", line 65, in request\n    self.socket = await self._open_socket(timeout)\n  File \"/usr/local/lib/python3.7/site-packages/httpcore/_async/connection.py\", line 86, in _open_socket\n    hostname, port, ssl_context, timeout\n  File \"/usr/local/lib/python3.7/site-packages/httpcore/_backends/auto.py\", line 38, in open_tcp_stream\n    return await self.backend.open_tcp_stream(hostname, port, ssl_context, timeout)\n  File \"/usr/local/lib/python3.7/site-packages/httpcore/_backends/asyncio.py\", line 234, in open_tcp_stream\n    stream_reader=stream_reader, stream_writer=stream_writer\n  File \"/usr/local/lib/python3.7/contextlib.py\", line 130, in __exit__\n    self.gen.throw(type, value, traceback)\n  File \"/usr/local/lib/python3.7/site-packages/httpcore/_exceptions.py\", line 12, in map_exceptions\n    raise to_exc(exc) from None\nhttpcore._exceptions.ConnectError: [Errno 111] Connect call failed ('192.168.0.3', 3000)"}
[34mtowel_1     |[0m {"severity": "ERROR", "name": "prefect-server.Lazarus", "message": "Unexpected error: APIError('Unable to complete operation. An internal API error occurred.')", "exc_info": "Traceback (most recent call last):\n  File \"/prefect-server/src/prefect_server/utilities/exceptions.py\", line 87, in reraise_as_api_error\n    yield\n  File \"/prefect-server/src/prefect_server/utilities/graphql.py\", line 64, in execute\n    timeout=30,\n  File \"/usr/local/lib/python3.7/site-packages/httpx/_client.py\", line 1385, in post\n    timeout=timeout,\n  File \"/usr/local/lib/python3.7/site-packages/httpx/_client.py\", line 1148, in request\n    request, auth=auth, allow_redirects=allow_redirects, timeout=timeout,\n  File \"/usr/local/lib/python3.7/site-packages/httpx/_client.py\", line 1169, in send\n    request, auth=auth, timeout=timeout, allow_redirects=allow_redirects,\n  File \"/usr/local/lib/python3.7/site-packages/httpx/_client.py\", line 1196, in send_handling_redirects\n    request, auth=auth, timeout=timeout, history=history\n  File \"/usr/local/lib/python3.7/site-packages/httpx/_client.py\", line 1232, in send_handling_auth\n    response = await self.send_single_request(request, timeout)\n  File \"/usr/local/lib/python3.7/site-packages/httpx/_client.py\", line 1269, in send_single_request\n    timeout=timeout.as_dict(),\n  File \"/usr/local/lib/python3.7/site-packages/httpcore/_async/connection_pool.py\", line 153, in request\n    method, url, headers=headers, stream=stream, timeout=timeout\n  File \"/usr/local/lib/python3.7/site-packages/httpcore/_async/connection.py\", line 65, in request\n    self.socket = await self._open_socket(timeout)\n  File \"/usr/local/lib/python3.7/site-packages/httpcore/_async/connection.py\", line 86, in _open_socket\n    hostname, port, ssl_context, timeout\n  File \"/usr/local/lib/python3.7/site-packages/httpcore/_backends/auto.py\", line 38, in open_tcp_stream\n    return await self.backend.open_tcp_stream(hostname, port, ssl_context, timeout)\n  File \"/usr/local/lib/python3.7/site-packages/httpcore/_backends/asyncio.py\", line 234, in open_tcp_stream\n    stream_reader=stream_reader, stream_writer=stream_writer\n  File \"/usr/local/lib/python3.7/contextlib.py\", line 130, in __exit__\n    self.gen.throw(type, value, traceback)\n  File \"/usr/local/lib/python3.7/site-packages/httpcore/_exceptions.py\", line 12, in map_exceptions\n    raise to_exc(exc) from None\nhttpcore._exceptions.ConnectError: [Errno 111] Connect call failed ('192.168.0.3', 3000)\n\nThe above exception was the direct cause of the following exception:\n\nTraceback (most recent call last):\n  File \"/prefect-server/src/prefect_server/services/loop_service.py\", line 60, in run\n    await self.run_once()\n  File \"/prefect-server/src/prefect_server/services/towel/lazarus.py\", line 37, in run_once\n    return await self.reschedule_flow_runs()\n  File \"/prefect-server/src/prefect_server/services/towel/lazarus.py\", line 89, in reschedule_flow_runs\n    limit=5000,\n  File \"/prefect-server/src/prefect_server/database/orm.py\", line 501, in get\n    as_box=not apply_schema,\n  File \"/prefect-server/src/prefect_server/database/hasura.py\", line 85, in execute\n    as_box=as_box,\n  File \"/prefect-server/src/prefect_server/utilities/graphql.py\", line 64, in execute\n    timeout=30,\n  File \"/usr/local/lib/python3.7/contextlib.py\", line 188, in __aexit__\n    await self.gen.athrow(typ, value, traceback)\n  File \"/prefect-server/src/prefect_server/utilities/exceptions.py\", line 93, in reraise_as_api_error\n    raise APIError() from exc\nprefect_server.utilities.exceptions.APIError: Unable to complete operation. An internal API error occurred."}
[33mgraphql_1   |[0m 
[33mgraphql_1   |[0m Running Alembic migrations...
[33mgraphql_1   |[0m INFO  [alembic.runtime.migration] Context impl PostgresqlImpl.
[33mgraphql_1   |[0m INFO  [alembic.runtime.migration] Will assume transactional DDL.
[33mgraphql_1   |[0m INFO  [alembic.runtime.migration] Running upgrade  -> 27811b58307b, Create extensions and initial settings
[33mgraphql_1   |[0m INFO  [alembic.runtime.migration] Running upgrade 27811b58307b -> 72e2cd3e0469, Initial database tables migration
[33mgraphql_1   |[0m INFO  [alembic.runtime.migration] Running upgrade 72e2cd3e0469 -> c4d792bdd05e, Add flow run idempotency key
[33mgraphql_1   |[0m INFO  [alembic.runtime.migration] Running upgrade c4d792bdd05e -> 3398e4807bfb, Add traversal functions
[33mgraphql_1   |[0m INFO  [alembic.runtime.migration] Running upgrade 3398e4807bfb -> b9086bd4b962, Create message table
[33mgraphql_1   |[0m INFO  [alembic.runtime.migration] Running upgrade b9086bd4b962 -> c1f317aa658c, Remove state_id foreign keys
[33mgraphql_1   |[0m INFO  [alembic.runtime.migration] Running upgrade c1f317aa658c -> 6611fd0ccc73, Simplify run state update triggers
[33mgraphql_1   |[0m INFO  [alembic.runtime.migration] Running upgrade 6611fd0ccc73 -> 70528cee0d2b, Add agent persistence
[33mgraphql_1   |[0m INFO  [alembic.runtime.migration] Running upgrade 70528cee0d2b -> 9cb7539b7363, Add index on agent_id
[33mgraphql_1   |[0m INFO  [alembic.runtime.migration] Running upgrade 9cb7539b7363 -> e148cf9f1e5b, Add task run name
[33mgraphql_1   |[0m INFO  [alembic.runtime.migration] Running upgrade e148cf9f1e5b -> 850b76d44332, Add flow run config
[33mgraphql_1   |[0m INFO  [alembic.runtime.migration] Running upgrade 850b76d44332 -> 24f10aeee83e, Add label column to flow runs
[33mgraphql_1   |[0m INFO  [alembic.runtime.migration] Running upgrade 24f10aeee83e -> 3c87ad7e0b71, Add artifact api
[33mgraphql_1   |[0m INFO  [alembic.runtime.migration] Running upgrade 3c87ad7e0b71 -> 57ac2cb01ac1, Add index for task run names
[33mgraphql_1   |[0m INFO  [alembic.runtime.migration] Running upgrade 57ac2cb01ac1 -> 7ca57ea2fdff, Add run_config to flow runs and flow groups
[36mapollo_1    |[0m Checking GraphQL service at http://graphql:4201/health ...
[33mgraphql_1   |[0m INFO  [alembic.runtime.migration] Running upgrade 7ca57ea2fdff -> 9116e81c6dc2, Add description to flow group table
[33mgraphql_1   |[0m INFO  [alembic.runtime.migration] Running upgrade 9116e81c6dc2 -> 459a61bedc9e, Improve run triggers to handle same-version states
[33mgraphql_1   |[0m INFO  [alembic.runtime.migration] Running upgrade 459a61bedc9e -> a666a3f4e422, Add unique index for idempotency key
[33mgraphql_1   |[0m INFO  [alembic.runtime.migration] Running upgrade a666a3f4e422 -> ac5747fb571c, Add unique constraint on edge table for task IDs
[33mgraphql_1   |[0m 
[33mgraphql_1   |[0m Could not upgrade the database!
[33mgraphql_1   |[0m Error: HTTPConnectionPool(host='hasura', port=3000): Max retries exceeded with url: /v1/query (Caused by NewConnectionError('<urllib3.connection.HTTPConnection object at 0x400b8c8390>: Failed to establish a new connection: [Errno 111] Connection refused'))
[36mapollo_1    |[0m Checking GraphQL service at http://graphql:4201/health ...
[36mapollo_1    |[0m Checking GraphQL service at http://graphql:4201/health ...
[36mapollo_1    |[0m Checking GraphQL service at http://graphql:4201/health ...
[36mapollo_1    |[0m Checking GraphQL service at http://graphql:4201/health ...
[33;1mgraphql_1   |[0m 
[33;1mgraphql_1   |[0m Running Alembic migrations...
[33;1mgraphql_1   |[0m INFO  [alembic.runtime.migration] Context impl PostgresqlImpl.
[33;1mgraphql_1   |[0m INFO  [alembic.runtime.migration] Will assume transactional DDL.
[36mapollo_1    |[0m Checking GraphQL service at http://graphql:4201/health ...
[33;1mgraphql_1   |[0m Applied Hasura metadata from /prefect-server/services/hasura/migrations/metadata.yaml
[33;1mgraphql_1   |[0m 
[33;1mgraphql_1   |[0m Database upgraded!
[36mapollo_1    |[0m Checking GraphQL service at http://graphql:4201/health ...
[36mapollo_1    |[0m Checking GraphQL service at http://graphql:4201/health ...
[36mapollo_1    |[0m Checking GraphQL service at http://graphql:4201/health ...
[36mapollo_1    |[0m Checking GraphQL service at http://graphql:4201/health ...
[33;1mgraphql_1   |[0m {"severity": "INFO", "name": "prefect-server.GraphQL Server", "message": "Using uvicorn log level = 'debug'"}
[33;1mgraphql_1   |[0m INFO:     Started server process [8]
[33;1mgraphql_1   |[0m INFO:     Waiting for application startup.
[33;1mgraphql_1   |[0m INFO:     Application startup complete.
[33;1mgraphql_1   |[0m INFO:     Uvicorn running on http://0.0.0.0:4201 (Press CTRL+C to quit)
[36mapollo_1    |[0m Checking GraphQL service at http://graphql:4201/health ...
[33;1mgraphql_1   |[0m INFO:     192.168.0.6:42812 - "GET /health HTTP/1.1" 200 OK
[36mapollo_1    |[0m {"status":"ok","version":"2021.11.09"}
[36mapollo_1    |[0m GraphQL service healthy!
[36mapollo_1    |[0m 
[36mapollo_1    |[0m > @ serve /apollo
[36mapollo_1    |[0m > node dist/index.js
[36mapollo_1    |[0m 
[36mapollo_1    |[0m Building schema...
[33;1mgraphql_1   |[0m INFO:     192.168.0.6:42850 - "POST /graphql/ HTTP/1.1" 200 OK
[36mapollo_1    |[0m Building schema complete!
[33;1mgraphql_1   |[0m INFO:     192.168.0.4:54428 - "GET /health HTTP/1.1" 200 OK
[36mapollo_1    |[0m Server ready at http://0.0.0.0:4200 ðŸš€ (version: 2021.11.09)
[36mapollo_1    |[0m Sending telemetry to Prefect Technologies, Inc.: {"source":"prefect_server","type":"startup","payload":{"id":"9d91695b-5584-4334-81aa-61a113246083","prefect_server_version":"2021.11.09","api_version":"0.2.0"}}
[33;1mgraphql_1   |[0m INFO:     192.168.0.6:42874 - "POST /graphql/ HTTP/1.1" 200 OK
[33;1mgraphql_1   |[0m INFO:     192.168.0.6:42882 - "POST /graphql/ HTTP/1.1" 200 OK
[33;1mgraphql_1   |[0m INFO:     192.168.0.6:42888 - "POST /graphql/ HTTP/1.1" 200 OK
[36;1mui_1        |[0m 192.168.0.7 - - [23/Nov/2021:06:08:48 +0000] "HEAD / HTTP/1.1" 200 0 "-" "curl/7.64.0" "-"
[33;1mgraphql_1   |[0m INFO:     192.168.0.6:42906 - "POST /graphql/ HTTP/1.1" 200 OK
[33;1mgraphql_1   |[0m INFO:     192.168.0.4:54482 - "GET /health HTTP/1.1" 200 OK
[33;1mgraphql_1   |[0m INFO:     192.168.0.6:42926 - "POST /graphql/ HTTP/1.1" 200 OK
[36;1mui_1        |[0m 192.168.0.7 - - [23/Nov/2021:06:09:19 +0000] "HEAD / HTTP/1.1" 200 0 "-" "curl/7.64.0" "-"
[33;1mgraphql_1   |[0m INFO:     192.168.0.6:42946 - "POST /graphql/ HTTP/1.1" 200 OK
[33;1mgraphql_1   |[0m INFO:     192.168.0.4:54512 - "GET /health HTTP/1.1" 200 OK
[33;1mgraphql_1   |[0m INFO:     192.168.0.6:42964 - "POST /graphql/ HTTP/1.1" 200 OK
[36;1mui_1        |[0m 192.168.0.1 - - [23/Nov/2021:06:09:34 +0000] "GET /default/project/fd1e7a97-57c2-40aa-a10b-027cdabfe65e?overview= HTTP/1.1" 304 0 "-" "Mozilla/5.0 (Macintosh; Intel Mac OS X 10_15_7) AppleWebKit/537.36 (KHTML, like Gecko) Chrome/95.0.4638.69 Safari/537.36" "-"
[36;1mui_1        |[0m 192.168.0.1 - - [23/Nov/2021:06:09:35 +0000] "GET /settings.json HTTP/1.1" 200 74 "http://localhost:8080/default/project/fd1e7a97-57c2-40aa-a10b-027cdabfe65e?overview=" "Mozilla/5.0 (Macintosh; Intel Mac OS X 10_15_7) AppleWebKit/537.36 (KHTML, like Gecko) Chrome/95.0.4638.69 Safari/537.36" "-"
[33;1mgraphql_1   |[0m INFO:     192.168.0.6:42976 - "POST /graphql/ HTTP/1.1" 200 OK
[33;1mgraphql_1   |[0m INFO:     192.168.0.6:42980 - "POST /graphql/ HTTP/1.1" 200 OK
[33;1mgraphql_1   |[0m INFO:     192.168.0.6:43090 - "POST /graphql/ HTTP/1.1" 200 OK
[33;1mgraphql_1   |[0m INFO:     192.168.0.6:43104 - "POST /graphql/ HTTP/1.1" 200 OK
[33;1mgraphql_1   |[0m INFO:     192.168.0.4:54668 - "GET /health HTTP/1.1" 200 OK
[33;1mgraphql_1   |[0m INFO:     192.168.0.6:43156 - "POST /graphql/ HTTP/1.1" 200 OK
[33;1mgraphql_1   |[0m INFO:     192.168.0.6:43162 - "POST /graphql/ HTTP/1.1" 200 OK
[33;1mgraphql_1   |[0m INFO:     192.168.0.6:43166 - "POST /graphql/ HTTP/1.1" 200 OK
[33;1mgraphql_1   |[0m INFO:     192.168.0.6:43174 - "POST /graphql/ HTTP/1.1" 200 OK
[33;1mgraphql_1   |[0m INFO:     192.168.0.6:43180 - "POST /graphql/ HTTP/1.1" 200 OK
[36;1mui_1        |[0m 192.168.0.7 - - [23/Nov/2021:06:09:49 +0000] "HEAD / HTTP/1.1" 200 0 "-" "curl/7.64.0" "-"
[33;1mgraphql_1   |[0m INFO:     192.168.0.6:43234 - "POST /graphql/ HTTP/1.1" 200 OK
[36;1mui_1        |[0m 192.168.0.1 - - [23/Nov/2021:06:09:51 +0000] "GET /default/project/fd1e7a97-57c2-40aa-a10b-027cdabfe65e?overview= HTTP/1.1" 304 0 "-" "Mozilla/5.0 (Macintosh; Intel Mac OS X 10_15_7) AppleWebKit/537.36 (KHTML, like Gecko) Chrome/95.0.4638.69 Safari/537.36" "-"
[36;1mui_1        |[0m 192.168.0.1 - - [23/Nov/2021:06:09:51 +0000] "GET /settings.json HTTP/1.1" 304 0 "http://localhost:8080/default/project/fd1e7a97-57c2-40aa-a10b-027cdabfe65e?overview=" "Mozilla/5.0 (Macintosh; Intel Mac OS X 10_15_7) AppleWebKit/537.36 (KHTML, like Gecko) Chrome/95.0.4638.69 Safari/537.36" "-"
[33;1mgraphql_1   |[0m INFO:     192.168.0.6:43238 - "POST /graphql/ HTTP/1.1" 200 OK
[33;1mgraphql_1   |[0m INFO:     192.168.0.6:43244 - "POST /graphql/ HTTP/1.1" 200 OK
[33;1mgraphql_1   |[0m INFO:     192.168.0.6:43304 - "POST /graphql/ HTTP/1.1" 200 OK
[33;1mgraphql_1   |[0m INFO:     192.168.0.6:43362 - "POST /graphql/ HTTP/1.1" 200 OK
[33;1mgraphql_1   |[0m INFO:     192.168.0.6:43408 - "POST /graphql/ HTTP/1.1" 200 OK
[33;1mgraphql_1   |[0m INFO:     192.168.0.4:54978 - "GET /health HTTP/1.1" 200 OK
[33;1mgraphql_1   |[0m INFO:     192.168.0.6:43470 - "POST /graphql/ HTTP/1.1" 200 OK
[33;1mgraphql_1   |[0m INFO:     192.168.0.6:43478 - "POST /graphql/ HTTP/1.1" 200 OK
[33;1mgraphql_1   |[0m INFO:     192.168.0.6:43482 - "POST /graphql/ HTTP/1.1" 200 OK
[33;1mgraphql_1   |[0m INFO:     192.168.0.6:43486 - "POST /graphql/ HTTP/1.1" 200 OK
[33;1mgraphql_1   |[0m INFO:     192.168.0.6:43546 - "POST /graphql/ HTTP/1.1" 200 OK
[33;1mgraphql_1   |[0m INFO:     192.168.0.6:43564 - "POST /graphql/ HTTP/1.1" 200 OK
[33;1mgraphql_1   |[0m INFO:     192.168.0.6:43576 - "POST /graphql/ HTTP/1.1" 200 OK
[33;1mgraphql_1   |[0m INFO:     192.168.0.6:43638 - "POST /graphql/ HTTP/1.1" 200 OK
[33;1mgraphql_1   |[0m INFO:     192.168.0.6:43646 - "POST /graphql/ HTTP/1.1" 200 OK
[33;1mgraphql_1   |[0m INFO:     192.168.0.6:43650 - "POST /graphql/ HTTP/1.1" 200 OK
[33;1mgraphql_1   |[0m INFO:     192.168.0.6:43666 - "POST /graphql/ HTTP/1.1" 200 OK
[33;1mgraphql_1   |[0m INFO:     192.168.0.6:43664 - "POST /graphql/ HTTP/1.1" 200 OK
[33;1mgraphql_1   |[0m INFO:     192.168.0.6:43672 - "POST /graphql/ HTTP/1.1" 200 OK
[33;1mgraphql_1   |[0m INFO:     192.168.0.6:43680 - "POST /graphql/ HTTP/1.1" 200 OK
[33;1mgraphql_1   |[0m INFO:     192.168.0.6:43684 - "POST /graphql/ HTTP/1.1" 200 OK
[33;1mgraphql_1   |[0m INFO:     192.168.0.6:43688 - "POST /graphql/ HTTP/1.1" 200 OK
[33;1mgraphql_1   |[0m INFO:     192.168.0.6:43696 - "POST /graphql/ HTTP/1.1" 200 OK
[33;1mgraphql_1   |[0m INFO:     192.168.0.6:43694 - "POST /graphql/ HTTP/1.1" 200 OK
[33;1mgraphql_1   |[0m INFO:     192.168.0.6:43700 - "POST /graphql/ HTTP/1.1" 200 OK
[33;1mgraphql_1   |[0m INFO:     192.168.0.6:43704 - "POST /graphql/ HTTP/1.1" 200 OK
[33;1mgraphql_1   |[0m INFO:     192.168.0.6:43708 - "POST /graphql/ HTTP/1.1" 200 OK
[33;1mgraphql_1   |[0m INFO:     192.168.0.6:43716 - "POST /graphql/ HTTP/1.1" 200 OK
[33;1mgraphql_1   |[0m INFO:     192.168.0.6:43714 - "POST /graphql/ HTTP/1.1" 200 OK
[33;1mgraphql_1   |[0m INFO:     192.168.0.6:43720 - "POST /graphql/ HTTP/1.1" 200 OK
[33;1mgraphql_1   |[0m INFO:     192.168.0.6:43732 - "POST /graphql/ HTTP/1.1" 200 OK
[33;1mgraphql_1   |[0m INFO:     192.168.0.6:43740 - "POST /graphql/ HTTP/1.1" 200 OK
[33;1mgraphql_1   |[0m INFO:     192.168.0.6:43744 - "POST /graphql/ HTTP/1.1" 200 OK
[33;1mgraphql_1   |[0m INFO:     192.168.0.6:43748 - "POST /graphql/ HTTP/1.1" 200 OK
[33;1mgraphql_1   |[0m INFO:     192.168.0.6:43752 - "POST /graphql/ HTTP/1.1" 200 OK
[33;1mgraphql_1   |[0m INFO:     192.168.0.6:43756 - "POST /graphql/ HTTP/1.1" 200 OK
[33;1mgraphql_1   |[0m INFO:     192.168.0.6:43760 - "POST /graphql/ HTTP/1.1" 200 OK
[33;1mgraphql_1   |[0m INFO:     192.168.0.6:43764 - "POST /graphql/ HTTP/1.1" 200 OK
[33;1mgraphql_1   |[0m INFO:     192.168.0.6:43768 - "POST /graphql/ HTTP/1.1" 200 OK
[33;1mgraphql_1   |[0m INFO:     192.168.0.6:43772 - "POST /graphql/ HTTP/1.1" 200 OK
[33;1mgraphql_1   |[0m INFO:     192.168.0.6:43776 - "POST /graphql/ HTTP/1.1" 200 OK
[33;1mgraphql_1   |[0m INFO:     192.168.0.6:43780 - "POST /graphql/ HTTP/1.1" 200 OK
[33;1mgraphql_1   |[0m INFO:     192.168.0.6:43784 - "POST /graphql/ HTTP/1.1" 200 OK
[33;1mgraphql_1   |[0m INFO:     192.168.0.6:43788 - "POST /graphql/ HTTP/1.1" 200 OK
[33;1mgraphql_1   |[0m INFO:     192.168.0.6:43792 - "POST /graphql/ HTTP/1.1" 200 OK
[33;1mgraphql_1   |[0m INFO:     192.168.0.6:43796 - "POST /graphql/ HTTP/1.1" 200 OK
[33;1mgraphql_1   |[0m INFO:     192.168.0.6:43800 - "POST /graphql/ HTTP/1.1" 200 OK
[33;1mgraphql_1   |[0m INFO:     192.168.0.6:43804 - "POST /graphql/ HTTP/1.1" 200 OK
[33;1mgraphql_1   |[0m INFO:     192.168.0.6:43808 - "POST /graphql/ HTTP/1.1" 200 OK
[33;1mgraphql_1   |[0m INFO:     192.168.0.6:43812 - "POST /graphql/ HTTP/1.1" 200 OK
[33;1mgraphql_1   |[0m INFO:     192.168.0.6:43816 - "POST /graphql/ HTTP/1.1" 200 OK
[33;1mgraphql_1   |[0m INFO:     192.168.0.6:43822 - "POST /graphql/ HTTP/1.1" 200 OK
[33;1mgraphql_1   |[0m INFO:     192.168.0.6:43832 - "POST /graphql/ HTTP/1.1" 200 OK
[33;1mgraphql_1   |[0m INFO:     192.168.0.6:43836 - "POST /graphql/ HTTP/1.1" 200 OK
[33;1mgraphql_1   |[0m INFO:     192.168.0.6:43840 - "POST /graphql/ HTTP/1.1" 200 OK
[33;1mgraphql_1   |[0m INFO:     192.168.0.6:43848 - "POST /graphql/ HTTP/1.1" 200 OK
[33;1mgraphql_1   |[0m INFO:     192.168.0.6:43854 - "POST /graphql/ HTTP/1.1" 200 OK
[36;1mui_1        |[0m 192.168.0.7 - - [23/Nov/2021:06:10:19 +0000] "HEAD / HTTP/1.1" 200 0 "-" "curl/7.64.0" "-"
[33;1mgraphql_1   |[0m INFO:     192.168.0.6:43918 - "POST /graphql/ HTTP/1.1" 200 OK
[33;1mgraphql_1   |[0m INFO:     192.168.0.6:43922 - "POST /graphql/ HTTP/1.1" 200 OK
[33;1mgraphql_1   |[0m INFO:     192.168.0.4:55594 - "GET /health HTTP/1.1" 200 OK
[33;1mgraphql_1   |[0m INFO:     192.168.0.6:44076 - "POST /graphql/ HTTP/1.1" 200 OK
[33;1mgraphql_1   |[0m INFO:     192.168.0.6:44080 - "POST /graphql/ HTTP/1.1" 200 OK
[33;1mgraphql_1   |[0m INFO:     192.168.0.6:44140 - "POST /graphql/ HTTP/1.1" 200 OK
[33;1mgraphql_1   |[0m INFO:     192.168.0.6:44146 - "POST /graphql/ HTTP/1.1" 200 OK
[33;1mgraphql_1   |[0m INFO:     192.168.0.6:44174 - "POST /graphql/ HTTP/1.1" 200 OK
[33;1mgraphql_1   |[0m INFO:     192.168.0.4:55740 - "GET /health HTTP/1.1" 200 OK
[36;1mui_1        |[0m 192.168.0.7 - - [23/Nov/2021:06:10:49 +0000] "HEAD / HTTP/1.1" 200 0 "-" "curl/7.64.0" "-"
[33;1mgraphql_1   |[0m INFO:     192.168.0.6:44210 - "POST /graphql/ HTTP/1.1" 200 OK
[33;1mgraphql_1   |[0m INFO:     192.168.0.6:44220 - "POST /graphql/ HTTP/1.1" 200 OK
[33;1mgraphql_1   |[0m INFO:     192.168.0.6:44224 - "POST /graphql/ HTTP/1.1" 200 OK
[33;1mgraphql_1   |[0m INFO:     192.168.0.6:44228 - "POST /graphql/ HTTP/1.1" 200 OK
[33;1mgraphql_1   |[0m INFO:     192.168.0.6:44240 - "POST /graphql/ HTTP/1.1" 200 OK
[33;1mgraphql_1   |[0m INFO:     192.168.0.6:44250 - "POST /graphql/ HTTP/1.1" 200 OK
[33;1mgraphql_1   |[0m INFO:     192.168.0.6:44244 - "POST /graphql/ HTTP/1.1" 200 OK
[33;1mgraphql_1   |[0m INFO:     192.168.0.6:44258 - "POST /graphql/ HTTP/1.1" 200 OK
[33;1mgraphql_1   |[0m INFO:     192.168.0.6:44262 - "POST /graphql/ HTTP/1.1" 200 OK
[33;1mgraphql_1   |[0m INFO:     192.168.0.6:44266 - "POST /graphql/ HTTP/1.1" 200 OK
[33;1mgraphql_1   |[0m INFO:     192.168.0.6:44272 - "POST /graphql/ HTTP/1.1" 200 OK
[33;1mgraphql_1   |[0m INFO:     192.168.0.6:44270 - "POST /graphql/ HTTP/1.1" 200 OK
[33;1mgraphql_1   |[0m INFO:     192.168.0.6:44276 - "POST /graphql/ HTTP/1.1" 200 OK
[33;1mgraphql_1   |[0m INFO:     192.168.0.6:44280 - "POST /graphql/ HTTP/1.1" 200 OK
[33;1mgraphql_1   |[0m INFO:     192.168.0.6:44284 - "POST /graphql/ HTTP/1.1" 200 OK
[33;1mgraphql_1   |[0m INFO:     192.168.0.6:44288 - "POST /graphql/ HTTP/1.1" 200 OK
[33;1mgraphql_1   |[0m INFO:     192.168.0.6:44292 - "POST /graphql/ HTTP/1.1" 200 OK
[33;1mgraphql_1   |[0m INFO:     192.168.0.6:44296 - "POST /graphql/ HTTP/1.1" 200 OK
[34mtowel_1     |[0m {"severity": "INFO", "name": "prefect-server.Scheduler", "message": "Scheduled 0 flow runs."}
[33;1mgraphql_1   |[0m INFO:     192.168.0.6:44302 - "POST /graphql/ HTTP/1.1" 200 OK
[33;1mgraphql_1   |[0m INFO:     192.168.0.6:44306 - "POST /graphql/ HTTP/1.1" 200 OK
[33;1mgraphql_1   |[0m INFO:     192.168.0.6:44310 - "POST /graphql/ HTTP/1.1" 200 OK
[33;1mgraphql_1   |[0m INFO:     192.168.0.6:44314 - "POST /graphql/ HTTP/1.1" 200 OK
[33;1mgraphql_1   |[0m INFO:     192.168.0.6:44324 - "POST /graphql/ HTTP/1.1" 200 OK
[33;1mgraphql_1   |[0m INFO:     192.168.0.6:44328 - "POST /graphql/ HTTP/1.1" 200 OK
[33;1mgraphql_1   |[0m INFO:     192.168.0.6:44332 - "POST /graphql/ HTTP/1.1" 200 OK
[33;1mgraphql_1   |[0m INFO:     192.168.0.6:44336 - "POST /graphql/ HTTP/1.1" 200 OK
[36;1mui_1        |[0m 192.168.0.1 - - [23/Nov/2021:06:10:53 +0000] "GET /state-icons/running.svg HTTP/1.1" 200 779 "http://localhost:8080/default/flow-run/4a20b264-3c58-4ef5-98ca-ba73260fdac3" "Mozilla/5.0 (Macintosh; Intel Mac OS X 10_15_7) AppleWebKit/537.36 (KHTML, like Gecko) Chrome/95.0.4638.69 Safari/537.36" "-"
[33;1mgraphql_1   |[0m INFO:     192.168.0.6:44340 - "POST /graphql/ HTTP/1.1" 200 OK
[33;1mgraphql_1   |[0m INFO:     192.168.0.6:44344 - "POST /graphql/ HTTP/1.1" 200 OK
[33;1mgraphql_1   |[0m INFO:     192.168.0.6:44348 - "POST /graphql/ HTTP/1.1" 200 OK
[33;1mgraphql_1   |[0m INFO:     192.168.0.6:44352 - "POST /graphql/ HTTP/1.1" 200 OK
[33;1mgraphql_1   |[0m INFO:     192.168.0.6:44356 - "POST /graphql/ HTTP/1.1" 200 OK
[33;1mgraphql_1   |[0m INFO:     192.168.0.6:44360 - "POST /graphql/ HTTP/1.1" 200 OK
[33;1mgraphql_1   |[0m INFO:     192.168.0.6:44364 - "POST /graphql/ HTTP/1.1" 200 OK
[33;1mgraphql_1   |[0m INFO:     192.168.0.6:44368 - "POST /graphql/ HTTP/1.1" 200 OK
[33;1mgraphql_1   |[0m INFO:     192.168.0.6:44372 - "POST /graphql/ HTTP/1.1" 200 OK
[33;1mgraphql_1   |[0m INFO:     192.168.0.6:44376 - "POST /graphql/ HTTP/1.1" 200 OK
[33;1mgraphql_1   |[0m INFO:     192.168.0.6:44380 - "POST /graphql/ HTTP/1.1" 200 OK
[33;1mgraphql_1   |[0m INFO:     192.168.0.6:44386 - "POST /graphql/ HTTP/1.1" 200 OK
[33;1mgraphql_1   |[0m INFO:     192.168.0.6:44388 - "POST /graphql/ HTTP/1.1" 200 OK
[33;1mgraphql_1   |[0m INFO:     192.168.0.6:44392 - "POST /graphql/ HTTP/1.1" 200 OK
[33;1mgraphql_1   |[0m INFO:     192.168.0.6:44396 - "POST /graphql/ HTTP/1.1" 200 OK
[33;1mgraphql_1   |[0m INFO:     192.168.0.6:44400 - "POST /graphql/ HTTP/1.1" 200 OK
[33;1mgraphql_1   |[0m INFO:     192.168.0.6:44410 - "POST /graphql/ HTTP/1.1" 200 OK
[33;1mgraphql_1   |[0m INFO:     192.168.0.6:44414 - "POST /graphql/ HTTP/1.1" 200 OK
[33;1mgraphql_1   |[0m INFO:     192.168.0.6:44422 - "POST /graphql/ HTTP/1.1" 200 OK
[33;1mgraphql_1   |[0m INFO:     192.168.0.6:44426 - "POST /graphql/ HTTP/1.1" 200 OK
[36;1mui_1        |[0m 192.168.0.1 - - [23/Nov/2021:06:10:59 +0000] "GET /state-icons/success.svg HTTP/1.1" 200 779 "http://localhost:8080/default/flow-run/4a20b264-3c58-4ef5-98ca-ba73260fdac3" "Mozilla/5.0 (Macintosh; Intel Mac OS X 10_15_7) AppleWebKit/537.36 (KHTML, like Gecko) Chrome/95.0.4638.69 Safari/537.36" "-"
[33;1mgraphql_1   |[0m INFO:     192.168.0.6:44442 - "POST /graphql/ HTTP/1.1" 200 OK
[33;1mgraphql_1   |[0m INFO:     192.168.0.6:44456 - "POST /graphql/ HTTP/1.1" 200 OK
[33;1mgraphql_1   |[0m INFO:     192.168.0.4:56024 - "GET /health HTTP/1.1" 200 OK
[33;1mgraphql_1   |[0m INFO:     192.168.0.6:44474 - "POST /graphql/ HTTP/1.1" 200 OK
[33;1mgraphql_1   |[0m INFO:     192.168.0.6:44494 - "POST /graphql/ HTTP/1.1" 200 OK
[33;1mgraphql_1   |[0m INFO:     192.168.0.6:44538 - "POST /graphql/ HTTP/1.1" 200 OK
[36;1mui_1        |[0m 192.168.0.7 - - [23/Nov/2021:06:11:19 +0000] "HEAD / HTTP/1.1" 200 0 "-" "curl/7.64.0" "-"
[33;1mgraphql_1   |[0m INFO:     192.168.0.6:44574 - "POST /graphql/ HTTP/1.1" 200 OK
[33;1mgraphql_1   |[0m INFO:     192.168.0.4:56148 - "GET /health HTTP/1.1" 200 OK
[33;1mgraphql_1   |[0m INFO:     192.168.0.6:44590 - "POST /graphql/ HTTP/1.1" 200 OK
[33;1mgraphql_1   |[0m INFO:     192.168.0.6:44614 - "POST /graphql/ HTTP/1.1" 200 OK
[33;1mgraphql_1   |[0m INFO:     192.168.0.6:44622 - "POST /graphql/ HTTP/1.1" 200 OK
[33;1mgraphql_1   |[0m INFO:     192.168.0.6:44678 - "POST /graphql/ HTTP/1.1" 200 OK
[33;1mgraphql_1   |[0m INFO:     192.168.0.6:44686 - "POST /graphql/ HTTP/1.1" 200 OK
[33;1mgraphql_1   |[0m INFO:     192.168.0.6:44690 - "POST /graphql/ HTTP/1.1" 200 OK
[33;1mgraphql_1   |[0m INFO:     192.168.0.6:44694 - "POST /graphql/ HTTP/1.1" 200 OK
[33;1mgraphql_1   |[0m INFO:     192.168.0.6:44710 - "POST /graphql/ HTTP/1.1" 200 OK
[33;1mgraphql_1   |[0m INFO:     192.168.0.6:44706 - "POST /graphql/ HTTP/1.1" 200 OK
[33;1mgraphql_1   |[0m INFO:     192.168.0.6:44724 - "POST /graphql/ HTTP/1.1" 200 OK
[33;1mgraphql_1   |[0m INFO:     192.168.0.6:44732 - "POST /graphql/ HTTP/1.1" 200 OK
[33;1mgraphql_1   |[0m INFO:     192.168.0.6:44736 - "POST /graphql/ HTTP/1.1" 200 OK
[33;1mgraphql_1   |[0m INFO:     192.168.0.6:44740 - "POST /graphql/ HTTP/1.1" 200 OK
[33;1mgraphql_1   |[0m INFO:     192.168.0.6:44748 - "POST /graphql/ HTTP/1.1" 200 OK
[33;1mgraphql_1   |[0m INFO:     192.168.0.6:44746 - "POST /graphql/ HTTP/1.1" 200 OK
[33;1mgraphql_1   |[0m INFO:     192.168.0.6:44786 - "POST /graphql/ HTTP/1.1" 200 OK
[33;1mgraphql_1   |[0m INFO:     192.168.0.6:44782 - "POST /graphql/ HTTP/1.1" 200 OK
[33;1mgraphql_1   |[0m INFO:     192.168.0.6:44790 - "POST /graphql/ HTTP/1.1" 200 OK
[33;1mgraphql_1   |[0m INFO:     192.168.0.6:44794 - "POST /graphql/ HTTP/1.1" 200 OK
[33;1mgraphql_1   |[0m INFO:     192.168.0.6:44798 - "POST /graphql/ HTTP/1.1" 200 OK
[33;1mgraphql_1   |[0m INFO:     192.168.0.6:44802 - "POST /graphql/ HTTP/1.1" 200 OK
[33;1mgraphql_1   |[0m INFO:     192.168.0.6:44806 - "POST /graphql/ HTTP/1.1" 200 OK
[33;1mgraphql_1   |[0m INFO:     192.168.0.6:44810 - "POST /graphql/ HTTP/1.1" 200 OK
[33;1mgraphql_1   |[0m INFO:     192.168.0.6:44814 - "POST /graphql/ HTTP/1.1" 200 OK
[33;1mgraphql_1   |[0m INFO:     192.168.0.6:44818 - "POST /graphql/ HTTP/1.1" 200 OK
[33;1mgraphql_1   |[0m INFO:     192.168.0.6:44822 - "POST /graphql/ HTTP/1.1" 200 OK
[33;1mgraphql_1   |[0m INFO:     192.168.0.6:44832 - "POST /graphql/ HTTP/1.1" 200 OK
[33;1mgraphql_1   |[0m INFO:     192.168.0.6:44838 - "POST /graphql/ HTTP/1.1" 200 OK
[33;1mgraphql_1   |[0m INFO:     192.168.0.6:44842 - "POST /graphql/ HTTP/1.1" 200 OK
[33;1mgraphql_1   |[0m INFO:     192.168.0.6:44846 - "POST /graphql/ HTTP/1.1" 200 OK
[33;1mgraphql_1   |[0m INFO:     192.168.0.6:44850 - "POST /graphql/ HTTP/1.1" 200 OK
[33;1mgraphql_1   |[0m INFO:     192.168.0.6:44854 - "POST /graphql/ HTTP/1.1" 200 OK
[33;1mgraphql_1   |[0m INFO:     192.168.0.6:44860 - "POST /graphql/ HTTP/1.1" 200 OK
[33;1mgraphql_1   |[0m INFO:     192.168.0.6:44864 - "POST /graphql/ HTTP/1.1" 200 OK
[33;1mgraphql_1   |[0m INFO:     192.168.0.6:44868 - "POST /graphql/ HTTP/1.1" 200 OK
[33;1mgraphql_1   |[0m INFO:     192.168.0.6:44882 - "POST /graphql/ HTTP/1.1" 200 OK
[33;1mgraphql_1   |[0m INFO:     192.168.0.6:44878 - "POST /graphql/ HTTP/1.1" 200 OK
[33;1mgraphql_1   |[0m INFO:     192.168.0.6:44886 - "POST /graphql/ HTTP/1.1" 200 OK
[33;1mgraphql_1   |[0m INFO:     192.168.0.6:44890 - "POST /graphql/ HTTP/1.1" 200 OK
[33;1mgraphql_1   |[0m INFO:     192.168.0.6:44894 - "POST /graphql/ HTTP/1.1" 200 OK
[33;1mgraphql_1   |[0m INFO:     192.168.0.6:44898 - "POST /graphql/ HTTP/1.1" 200 OK
[33;1mgraphql_1   |[0m INFO:     192.168.0.6:44902 - "POST /graphql/ HTTP/1.1" 200 OK
[33;1mgraphql_1   |[0m INFO:     192.168.0.6:44906 - "POST /graphql/ HTTP/1.1" 200 OK
[33;1mgraphql_1   |[0m INFO:     192.168.0.6:44912 - "POST /graphql/ HTTP/1.1" 200 OK
[33;1mgraphql_1   |[0m INFO:     192.168.0.6:44910 - "POST /graphql/ HTTP/1.1" 200 OK
[33;1mgraphql_1   |[0m INFO:     192.168.0.6:44916 - "POST /graphql/ HTTP/1.1" 200 OK
[33;1mgraphql_1   |[0m INFO:     192.168.0.6:44920 - "POST /graphql/ HTTP/1.1" 200 OK
[33;1mgraphql_1   |[0m INFO:     192.168.0.6:44928 - "POST /graphql/ HTTP/1.1" 200 OK
[33;1mgraphql_1   |[0m INFO:     192.168.0.6:44936 - "POST /graphql/ HTTP/1.1" 200 OK
[33;1mgraphql_1   |[0m INFO:     192.168.0.6:44944 - "POST /graphql/ HTTP/1.1" 200 OK
[33;1mgraphql_1   |[0m INFO:     192.168.0.6:44948 - "POST /graphql/ HTTP/1.1" 200 OK
[33;1mgraphql_1   |[0m INFO:     192.168.0.6:44986 - "POST /graphql/ HTTP/1.1" 200 OK
[33;1mgraphql_1   |[0m INFO:     192.168.0.4:56550 - "GET /health HTTP/1.1" 200 OK
[36;1mui_1        |[0m 192.168.0.7 - - [23/Nov/2021:06:11:49 +0000] "HEAD / HTTP/1.1" 200 0 "-" "curl/7.64.0" "-"
[33;1mgraphql_1   |[0m INFO:     192.168.0.6:45042 - "POST /graphql/ HTTP/1.1" 200 OK
[33;1mgraphql_1   |[0m INFO:     192.168.0.6:45052 - "POST /graphql/ HTTP/1.1" 200 OK
[33;1mgraphql_1   |[0m INFO:     192.168.0.6:45082 - "POST /graphql/ HTTP/1.1" 200 OK
[33;1mgraphql_1   |[0m INFO:     192.168.0.6:45092 - "POST /graphql/ HTTP/1.1" 200 OK
[36;1mui_1        |[0m 192.168.0.1 - - [23/Nov/2021:06:12:04 +0000] "GET /task/null HTTP/1.1" 200 15651 "http://localhost:8080/task/256a286b-9cf1-4759-81fe-43d59889a333" "Mozilla/5.0 (Macintosh; Intel Mac OS X 10_15_7) AppleWebKit/537.36 (KHTML, like Gecko) Chrome/95.0.4638.69 Safari/537.36" "-"
[33;1mgraphql_1   |[0m INFO:     192.168.0.4:56668 - "GET /health HTTP/1.1" 200 OK
[33;1mgraphql_1   |[0m INFO:     192.168.0.6:45122 - "POST /graphql/ HTTP/1.1" 200 OK
[36;1mui_1        |[0m 192.168.0.7 - - [23/Nov/2021:06:12:20 +0000] "HEAD / HTTP/1.1" 200 0 "-" "curl/7.64.0" "-"
[33;1mgraphql_1   |[0m INFO:     192.168.0.6:45140 - "POST /graphql/ HTTP/1.1" 200 OK
[33;1mgraphql_1   |[0m INFO:     192.168.0.4:56710 - "GET /health HTTP/1.1" 200 OK
[33;1mgraphql_1   |[0m INFO:     192.168.0.6:45162 - "POST /graphql/ HTTP/1.1" 200 OK
[33;1mgraphql_1   |[0m INFO:     192.168.0.6:45180 - "POST /graphql/ HTTP/1.1" 200 OK
[33;1mgraphql_1   |[0m INFO:     192.168.0.4:56744 - "GET /health HTTP/1.1" 200 OK
[36;1mui_1        |[0m 192.168.0.7 - - [23/Nov/2021:06:12:50 +0000] "HEAD / HTTP/1.1" 200 0 "-" "curl/7.64.0" "-"
[33;1mgraphql_1   |[0m INFO:     192.168.0.6:45208 - "POST /graphql/ HTTP/1.1" 200 OK
[33;1mgraphql_1   |[0m INFO:     192.168.0.6:45224 - "POST /graphql/ HTTP/1.1" 200 OK
[33;1mgraphql_1   |[0m INFO:     192.168.0.4:56788 - "GET /health HTTP/1.1" 200 OK
[33;1mgraphql_1   |[0m INFO:     192.168.0.6:45246 - "POST /graphql/ HTTP/1.1" 200 OK
[36;1mui_1        |[0m 192.168.0.7 - - [23/Nov/2021:06:13:20 +0000] "HEAD / HTTP/1.1" 200 0 "-" "curl/7.64.0" "-"
[34mtowel_1     |[0m {"severity": "INFO", "name": "prefect-server.Scheduler", "message": "Scheduled 0 flow runs."}
[34mtowel_1     |[0m {"severity": "DEBUG", "name": "prefect-server.Scheduler", "message": "Heartbeat from Scheduler: next run at 2021-11-23T06:15:53+00:00"}
[33;1mgraphql_1   |[0m INFO:     192.168.0.4:56824 - "GET /health HTTP/1.1" 200 OK
[33;1mgraphql_1   |[0m INFO:     192.168.0.6:45264 - "POST /graphql/ HTTP/1.1" 200 OK
[33;1mgraphql_1   |[0m INFO:     192.168.0.6:45286 - "POST /graphql/ HTTP/1.1" 200 OK
[33;1mgraphql_1   |[0m INFO:     192.168.0.4:56862 - "GET /health HTTP/1.1" 200 OK
[33;1mgraphql_1   |[0m INFO:     192.168.0.6:45306 - "POST /graphql/ HTTP/1.1" 200 OK
[36;1mui_1        |[0m 192.168.0.7 - - [23/Nov/2021:06:13:50 +0000] "HEAD / HTTP/1.1" 200 0 "-" "curl/7.64.0" "-"
[33;1mgraphql_1   |[0m INFO:     192.168.0.6:45330 - "POST /graphql/ HTTP/1.1" 200 OK
[33;1mgraphql_1   |[0m INFO:     192.168.0.4:56904 - "GET /health HTTP/1.1" 200 OK
[33;1mgraphql_1   |[0m INFO:     192.168.0.6:45352 - "POST /graphql/ HTTP/1.1" 200 OK
[33;1mgraphql_1   |[0m INFO:     192.168.0.6:45364 - "POST /graphql/ HTTP/1.1" 200 OK
[36;1mui_1        |[0m 192.168.0.7 - - [23/Nov/2021:06:14:20 +0000] "HEAD / HTTP/1.1" 200 0 "-" "curl/7.64.0" "-"
[34mtowel_1     |[0m {"severity": "DEBUG", "name": "prefect-server.ZombieKiller", "message": "Heartbeat from ZombieKiller: next run at 2021-11-23T06:16:23+00:00"}
[33;1mgraphql_1   |[0m INFO:     192.168.0.4:56942 - "GET /health HTTP/1.1" 200 OK
[33;1mgraphql_1   |[0m INFO:     192.168.0.6:45386 - "POST /graphql/ HTTP/1.1" 200 OK
[33;1mgraphql_1   |[0m INFO:     192.168.0.6:45408 - "POST /graphql/ HTTP/1.1" 200 OK
[33;1mgraphql_1   |[0m INFO:     192.168.0.6:45414 - "POST /graphql/ HTTP/1.1" 200 OK
[33;1mgraphql_1   |[0m INFO:     192.168.0.6:45418 - "POST /graphql/ HTTP/1.1" 200 OK
[33;1mgraphql_1   |[0m INFO:     192.168.0.6:45422 - "POST /graphql/ HTTP/1.1" 200 OK
[33;1mgraphql_1   |[0m INFO:     192.168.0.6:45426 - "POST /graphql/ HTTP/1.1" 200 OK
[33;1mgraphql_1   |[0m INFO:     192.168.0.6:45434 - "POST /graphql/ HTTP/1.1" 200 OK
[33;1mgraphql_1   |[0m INFO:     192.168.0.6:45440 - "POST /graphql/ HTTP/1.1" 200 OK
[33;1mgraphql_1   |[0m INFO:     192.168.0.6:45448 - "POST /graphql/ HTTP/1.1" 200 OK
[33;1mgraphql_1   |[0m INFO:     192.168.0.6:45484 - "POST /graphql/ HTTP/1.1" 200 OK
[33;1mgraphql_1   |[0m INFO:     192.168.0.4:57056 - "GET /health HTTP/1.1" 200 OK
[36;1mui_1        |[0m 192.168.0.7 - - [23/Nov/2021:06:14:50 +0000] "HEAD / HTTP/1.1" 200 0 "-" "curl/7.64.0" "-"
[33;1mgraphql_1   |[0m INFO:     192.168.0.6:45514 - "POST /graphql/ HTTP/1.1" 200 OK
[33;1mgraphql_1   |[0m INFO:     192.168.0.6:45562 - "POST /graphql/ HTTP/1.1" 200 OK
[33;1mgraphql_1   |[0m INFO:     192.168.0.6:45636 - "POST /graphql/ HTTP/1.1" 200 OK
[33;1mgraphql_1   |[0m INFO:     192.168.0.6:45678 - "POST /graphql/ HTTP/1.1" 200 OK
[33;1mgraphql_1   |[0m INFO:     192.168.0.4:57262 - "GET /health HTTP/1.1" 200 OK
[33;1mgraphql_1   |[0m INFO:     192.168.0.6:45720 - "POST /graphql/ HTTP/1.1" 200 OK
[33;1mgraphql_1   |[0m INFO:     192.168.0.6:45758 - "POST /graphql/ HTTP/1.1" 200 OK
[36;1mui_1        |[0m 192.168.0.7 - - [23/Nov/2021:06:15:21 +0000] "HEAD / HTTP/1.1" 200 0 "-" "curl/7.64.0" "-"
[33;1mgraphql_1   |[0m INFO:     192.168.0.6:45800 - "POST /graphql/ HTTP/1.1" 200 OK
[33;1mgraphql_1   |[0m INFO:     192.168.0.6:45834 - "POST /graphql/ HTTP/1.1" 200 OK
[33;1mgraphql_1   |[0m INFO:     192.168.0.4:57426 - "GET /health HTTP/1.1" 200 OK
[33;1mgraphql_1   |[0m INFO:     192.168.0.6:45882 - "POST /graphql/ HTTP/1.1" 200 OK
[33;1mgraphql_1   |[0m INFO:     192.168.0.6:45936 - "POST /graphql/ HTTP/1.1" 200 OK
[33;1mgraphql_1   |[0m INFO:     192.168.0.6:46004 - "POST /graphql/ HTTP/1.1" 200 OK
[33;1mgraphql_1   |[0m INFO:     192.168.0.6:46064 - "POST /graphql/ HTTP/1.1" 200 OK
[33;1mgraphql_1   |[0m INFO:     192.168.0.4:57662 - "GET /health HTTP/1.1" 200 OK
[36;1mui_1        |[0m 192.168.0.7 - - [23/Nov/2021:06:15:51 +0000] "HEAD / HTTP/1.1" 200 0 "-" "curl/7.64.0" "-"
[33;1mgraphql_1   |[0m INFO:     192.168.0.6:46132 - "POST /graphql/ HTTP/1.1" 200 OK
[34mtowel_1     |[0m {"severity": "INFO", "name": "prefect-server.Scheduler", "message": "Scheduled 0 flow runs."}
[33;1mgraphql_1   |[0m INFO:     192.168.0.6:46154 - "POST /graphql/ HTTP/1.1" 200 OK
[33;1mgraphql_1   |[0m INFO:     192.168.0.6:46206 - "POST /graphql/ HTTP/1.1" 200 OK
[33;1mgraphql_1   |[0m INFO:     192.168.0.6:46222 - "POST /graphql/ HTTP/1.1" 200 OK
[33;1mgraphql_1   |[0m INFO:     192.168.0.4:57818 - "GET /health HTTP/1.1" 200 OK
[33;1mgraphql_1   |[0m INFO:     192.168.0.6:46294 - "POST /graphql/ HTTP/1.1" 200 OK
[33;1mgraphql_1   |[0m INFO:     192.168.0.6:46298 - "POST /graphql/ HTTP/1.1" 200 OK
[36;1mui_1        |[0m 192.168.0.7 - - [23/Nov/2021:06:16:21 +0000] "HEAD / HTTP/1.1" 200 0 "-" "curl/7.64.0" "-"
[33;1mgraphql_1   |[0m INFO:     192.168.0.6:46366 - "POST /graphql/ HTTP/1.1" 200 OK
[33;1mgraphql_1   |[0m INFO:     192.168.0.6:46382 - "POST /graphql/ HTTP/1.1" 200 OK
[33;1mgraphql_1   |[0m INFO:     192.168.0.4:57958 - "GET /health HTTP/1.1" 200 OK
[33;1mgraphql_1   |[0m INFO:     192.168.0.6:46448 - "POST /graphql/ HTTP/1.1" 200 OK
[33;1mgraphql_1   |[0m INFO:     192.168.0.6:46454 - "POST /graphql/ HTTP/1.1" 200 OK
[33;1mgraphql_1   |[0m INFO:     192.168.0.6:46510 - "POST /graphql/ HTTP/1.1" 200 OK
[33;1mgraphql_1   |[0m INFO:     192.168.0.6:46524 - "POST /graphql/ HTTP/1.1" 200 OK
[33;1mgraphql_1   |[0m INFO:     192.168.0.4:58104 - "GET /health HTTP/1.1" 200 OK
[36;1mui_1        |[0m 192.168.0.7 - - [23/Nov/2021:06:16:51 +0000] "HEAD / HTTP/1.1" 200 0 "-" "curl/7.64.0" "-"
[33;1mgraphql_1   |[0m INFO:     192.168.0.6:46586 - "POST /graphql/ HTTP/1.1" 200 OK
[33;1mgraphql_1   |[0m INFO:     192.168.0.6:46604 - "POST /graphql/ HTTP/1.1" 200 OK
[33;1mgraphql_1   |[0m INFO:     192.168.0.6:46660 - "POST /graphql/ HTTP/1.1" 200 OK
[33;1mgraphql_1   |[0m INFO:     192.168.0.6:46678 - "POST /graphql/ HTTP/1.1" 200 OK
[33;1mgraphql_1   |[0m INFO:     192.168.0.4:58250 - "GET /health HTTP/1.1" 200 OK
[33;1mgraphql_1   |[0m INFO:     192.168.0.6:46744 - "POST /graphql/ HTTP/1.1" 200 OK
[33;1mgraphql_1   |[0m INFO:     192.168.0.6:46762 - "POST /graphql/ HTTP/1.1" 200 OK
[33;1mgraphql_1   |[0m INFO:     192.168.0.6:46766 - "POST /graphql/ HTTP/1.1" 200 OK
[36;1mui_1        |[0m 192.168.0.7 - - [23/Nov/2021:06:17:21 +0000] "HEAD / HTTP/1.1" 200 0 "-" "curl/7.64.0" "-"
[36;1mui_1        |[0m 192.168.0.1 - - [23/Nov/2021:06:17:27 +0000] "GET /state-icons/cancelled.svg HTTP/1.1" 200 779 "http://localhost:8080/flow-run/c6f59088-86bf-4a4d-a78d-206d3b968737" "Mozilla/5.0 (Macintosh; Intel Mac OS X 10_15_7) AppleWebKit/537.36 (KHTML, like Gecko) Chrome/95.0.4638.69 Safari/537.36" "-"
[33;1mgraphql_1   |[0m INFO:     192.168.0.6:46814 - "POST /graphql/ HTTP/1.1" 200 OK
[33;1mgraphql_1   |[0m INFO:     192.168.0.4:58384 - "GET /health HTTP/1.1" 200 OK
[33;1mgraphql_1   |[0m INFO:     192.168.0.6:46842 - "POST /graphql/ HTTP/1.1" 200 OK
[33;1mgraphql_1   |[0m INFO:     192.168.0.4:58422 - "GET /health HTTP/1.1" 200 OK
[33;1mgraphql_1   |[0m INFO:     192.168.0.6:46874 - "POST /graphql/ HTTP/1.1" 200 OK
[36;1mui_1        |[0m 192.168.0.7 - - [23/Nov/2021:06:17:51 +0000] "HEAD / HTTP/1.1" 200 0 "-" "curl/7.64.0" "-"
[33;1mgraphql_1   |[0m INFO:     192.168.0.6:46894 - "POST /graphql/ HTTP/1.1" 200 OK
[33;1mgraphql_1   |[0m INFO:     192.168.0.6:46902 - "POST /graphql/ HTTP/1.1" 200 OK
[33;1mgraphql_1   |[0m INFO:     192.168.0.6:46908 - "POST /graphql/ HTTP/1.1" 200 OK
[33;1mgraphql_1   |[0m INFO:     192.168.0.6:46912 - "POST /graphql/ HTTP/1.1" 200 OK
[33;1mgraphql_1   |[0m INFO:     192.168.0.6:46922 - "POST /graphql/ HTTP/1.1" 200 OK
[33;1mgraphql_1   |[0m INFO:     192.168.0.6:46928 - "POST /graphql/ HTTP/1.1" 200 OK
[33;1mgraphql_1   |[0m INFO:     192.168.0.6:46942 - "POST /graphql/ HTTP/1.1" 200 OK
[33;1mgraphql_1   |[0m INFO:     192.168.0.4:58508 - "GET /health HTTP/1.1" 200 OK
[33;1mgraphql_1   |[0m INFO:     192.168.0.6:46954 - "POST /graphql/ HTTP/1.1" 200 OK
[33;1mgraphql_1   |[0m INFO:     192.168.0.6:46958 - "POST /graphql/ HTTP/1.1" 200 OK
[33;1mgraphql_1   |[0m INFO:     192.168.0.6:46962 - "POST /graphql/ HTTP/1.1" 200 OK
[33;1mgraphql_1   |[0m INFO:     192.168.0.6:46966 - "POST /graphql/ HTTP/1.1" 200 OK
[33;1mgraphql_1   |[0m INFO:     192.168.0.6:46982 - "POST /graphql/ HTTP/1.1" 200 OK
[33;1mgraphql_1   |[0m INFO:     192.168.0.6:46988 - "POST /graphql/ HTTP/1.1" 200 OK
[33;1mgraphql_1   |[0m INFO:     192.168.0.6:47042 - "POST /graphql/ HTTP/1.1" 200 OK
[36;1mui_1        |[0m 192.168.0.7 - - [23/Nov/2021:06:18:22 +0000] "HEAD / HTTP/1.1" 200 0 "-" "curl/7.64.0" "-"
[33;1mgraphql_1   |[0m INFO:     192.168.0.6:47088 - "POST /graphql/ HTTP/1.1" 200 OK
[34mtowel_1     |[0m {"severity": "INFO", "name": "prefect-server.Scheduler", "message": "Scheduled 0 flow runs."}
[34mtowel_1     |[0m {"severity": "DEBUG", "name": "prefect-server.Scheduler", "message": "Heartbeat from Scheduler: next run at 2021-11-23T06:20:53+00:00"}
[34mtowel_1     |[0m {"severity": "DEBUG", "name": "prefect-server.Lazarus", "message": "Heartbeat from Lazarus: next run at 2021-11-23T06:28:23+00:00"}
[33;1mgraphql_1   |[0m INFO:     192.168.0.6:47166 - "POST /graphql/ HTTP/1.1" 200 OK
[33;1mgraphql_1   |[0m INFO:     192.168.0.4:58732 - "GET /health HTTP/1.1" 200 OK
[33;1mgraphql_1   |[0m INFO:     192.168.0.6:47234 - "POST /graphql/ HTTP/1.1" 200 OK
[33;1mgraphql_1   |[0m INFO:     192.168.0.6:47298 - "POST /graphql/ HTTP/1.1" 200 OK
[33;1mgraphql_1   |[0m INFO:     192.168.0.6:47336 - "POST /graphql/ HTTP/1.1" 200 OK
[36mapollo_1    |[0m Sending telemetry to Prefect Technologies, Inc.: {"source":"prefect_server","type":"heartbeat","payload":{"id":"9d91695b-5584-4334-81aa-61a113246083","prefect_server_version":"2021.11.09","api_version":"0.2.0"}}
[33;1mgraphql_1   |[0m INFO:     192.168.0.6:47402 - "POST /graphql/ HTTP/1.1" 200 OK
[33;1mgraphql_1   |[0m INFO:     192.168.0.4:58994 - "GET /health HTTP/1.1" 200 OK
[36;1mui_1        |[0m 192.168.0.7 - - [23/Nov/2021:06:18:52 +0000] "HEAD / HTTP/1.1" 200 0 "-" "curl/7.64.0" "-"
[33;1mgraphql_1   |[0m INFO:     192.168.0.6:47436 - "POST /graphql/ HTTP/1.1" 200 OK
[33;1mgraphql_1   |[0m INFO:     192.168.0.6:47532 - "POST /graphql/ HTTP/1.1" 200 OK
[33;1mgraphql_1   |[0m INFO:     192.168.0.6:47596 - "POST /graphql/ HTTP/1.1" 200 OK
[33;1mgraphql_1   |[0m INFO:     192.168.0.6:47680 - "POST /graphql/ HTTP/1.1" 200 OK
[33;1mgraphql_1   |[0m INFO:     192.168.0.4:59246 - "GET /health HTTP/1.1" 200 OK
[33;1mgraphql_1   |[0m INFO:     192.168.0.6:47708 - "POST /graphql/ HTTP/1.1" 200 OK
[33;1mgraphql_1   |[0m INFO:     192.168.0.6:47726 - "POST /graphql/ HTTP/1.1" 200 OK
[33;1mgraphql_1   |[0m INFO:     192.168.0.6:47810 - "POST /graphql/ HTTP/1.1" 200 OK
[36;1mui_1        |[0m 192.168.0.7 - - [23/Nov/2021:06:19:22 +0000] "HEAD / HTTP/1.1" 200 0 "-" "curl/7.64.0" "-"
[33;1mgraphql_1   |[0m INFO:     192.168.0.6:47830 - "POST /graphql/ HTTP/1.1" 200 OK
[33;1mgraphql_1   |[0m INFO:     192.168.0.6:47912 - "POST /graphql/ HTTP/1.1" 200 OK
[33;1mgraphql_1   |[0m INFO:     192.168.0.4:59486 - "GET /health HTTP/1.1" 200 OK
[33;1mgraphql_1   |[0m INFO:     192.168.0.6:47946 - "POST /graphql/ HTTP/1.1" 200 OK
[33;1mgraphql_1   |[0m INFO:     192.168.0.6:48002 - "POST /graphql/ HTTP/1.1" 200 OK
[33;1mgraphql_1   |[0m INFO:     192.168.0.6:48020 - "POST /graphql/ HTTP/1.1" 200 OK
[33;1mgraphql_1   |[0m INFO:     192.168.0.6:48076 - "POST /graphql/ HTTP/1.1" 200 OK
[33;1mgraphql_1   |[0m INFO:     192.168.0.4:59642 - "GET /health HTTP/1.1" 200 OK
[36;1mui_1        |[0m 192.168.0.7 - - [23/Nov/2021:06:19:52 +0000] "HEAD / HTTP/1.1" 200 0 "-" "curl/7.64.0" "-"
[33;1mgraphql_1   |[0m INFO:     192.168.0.6:48110 - "POST /graphql/ HTTP/1.1" 200 OK
[33;1mgraphql_1   |[0m INFO:     192.168.0.6:48166 - "POST /graphql/ HTTP/1.1" 200 OK
[33;1mgraphql_1   |[0m INFO:     192.168.0.6:48196 - "POST /graphql/ HTTP/1.1" 200 OK
[33;1mgraphql_1   |[0m INFO:     192.168.0.6:48248 - "POST /graphql/ HTTP/1.1" 200 OK
[33;1mgraphql_1   |[0m INFO:     192.168.0.4:59822 - "GET /health HTTP/1.1" 200 OK
[33;1mgraphql_1   |[0m INFO:     192.168.0.6:48284 - "POST /graphql/ HTTP/1.1" 200 OK
[33;1mgraphql_1   |[0m INFO:     192.168.0.6:48288 - "POST /graphql/ HTTP/1.1" 200 OK
[33;1mgraphql_1   |[0m INFO:     192.168.0.6:48338 - "POST /graphql/ HTTP/1.1" 200 OK
[33;1mgraphql_1   |[0m INFO:     192.168.0.6:48344 - "POST /graphql/ HTTP/1.1" 200 OK
[33;1mgraphql_1   |[0m INFO:     192.168.0.6:48348 - "POST /graphql/ HTTP/1.1" 200 OK
[33;1mgraphql_1   |[0m INFO:     192.168.0.6:48352 - "POST /graphql/ HTTP/1.1" 200 OK
[36;1mui_1        |[0m 192.168.0.7 - - [23/Nov/2021:06:20:22 +0000] "HEAD / HTTP/1.1" 200 0 "-" "curl/7.64.0" "-"
[34mtowel_1     |[0m {"severity": "DEBUG", "name": "prefect-server.ZombieKiller", "message": "Heartbeat from ZombieKiller: next run at 2021-11-23T06:22:23+00:00"}
[33;1mgraphql_1   |[0m INFO:     192.168.0.6:48374 - "POST /graphql/ HTTP/1.1" 200 OK
[33;1mgraphql_1   |[0m INFO:     192.168.0.6:48382 - "POST /graphql/ HTTP/1.1" 200 OK
[33;1mgraphql_1   |[0m INFO:     192.168.0.6:48386 - "POST /graphql/ HTTP/1.1" 200 OK
[33;1mgraphql_1   |[0m INFO:     192.168.0.6:48390 - "POST /graphql/ HTTP/1.1" 200 OK
[33;1mgraphql_1   |[0m INFO:     192.168.0.6:48394 - "POST /graphql/ HTTP/1.1" 200 OK
[33;1mgraphql_1   |[0m INFO:     192.168.0.6:48410 - "POST /graphql/ HTTP/1.1" 200 OK
[33;1mgraphql_1   |[0m INFO:     192.168.0.6:48412 - "POST /graphql/ HTTP/1.1" 200 OK
[33;1mgraphql_1   |[0m INFO:     192.168.0.6:48428 - "POST /graphql/ HTTP/1.1" 200 OK
[33;1mgraphql_1   |[0m INFO:     192.168.0.6:48456 - "POST /graphql/ HTTP/1.1" 200 OK
[33;1mgraphql_1   |[0m INFO:     192.168.0.6:48482 - "POST /graphql/ HTTP/1.1" 200 OK
[33;1mgraphql_1   |[0m INFO:     192.168.0.6:48486 - "POST /graphql/ HTTP/1.1" 200 OK
[33;1mgraphql_1   |[0m INFO:     192.168.0.6:48490 - "POST /graphql/ HTTP/1.1" 200 OK
[33;1mgraphql_1   |[0m INFO:     192.168.0.6:48512 - "POST /graphql/ HTTP/1.1" 200 OK
[33;1mgraphql_1   |[0m INFO:     192.168.0.6:48516 - "POST /graphql/ HTTP/1.1" 200 OK
[33;1mgraphql_1   |[0m INFO:     192.168.0.6:48522 - "POST /graphql/ HTTP/1.1" 200 OK
[33;1mgraphql_1   |[0m INFO:     192.168.0.6:48530 - "POST /graphql/ HTTP/1.1" 200 OK
[33;1mgraphql_1   |[0m INFO:     192.168.0.6:48534 - "POST /graphql/ HTTP/1.1" 200 OK
[33;1mgraphql_1   |[0m INFO:     192.168.0.4:60102 - "GET /health HTTP/1.1" 200 OK
[33;1mgraphql_1   |[0m INFO:     192.168.0.6:48538 - "POST /graphql/ HTTP/1.1" 200 OK
[33;1mgraphql_1   |[0m INFO:     192.168.0.6:48548 - "POST /graphql/ HTTP/1.1" 200 OK
[33;1mgraphql_1   |[0m INFO:     192.168.0.6:48546 - "POST /graphql/ HTTP/1.1" 200 OK
[33;1mgraphql_1   |[0m INFO:     192.168.0.6:48552 - "POST /graphql/ HTTP/1.1" 200 OK
[33;1mgraphql_1   |[0m INFO:     192.168.0.6:48556 - "POST /graphql/ HTTP/1.1" 200 OK
[33;1mgraphql_1   |[0m INFO:     192.168.0.6:48562 - "POST /graphql/ HTTP/1.1" 200 OK
[33;1mgraphql_1   |[0m INFO:     192.168.0.6:48564 - "POST /graphql/ HTTP/1.1" 200 OK
[33;1mgraphql_1   |[0m INFO:     192.168.0.6:48568 - "POST /graphql/ HTTP/1.1" 200 OK
[33;1mgraphql_1   |[0m INFO:     192.168.0.6:48572 - "POST /graphql/ HTTP/1.1" 200 OK
[33;1mgraphql_1   |[0m INFO:     192.168.0.6:48576 - "POST /graphql/ HTTP/1.1" 200 OK
[33;1mgraphql_1   |[0m INFO:     192.168.0.6:48580 - "POST /graphql/ HTTP/1.1" 200 OK
[33;1mgraphql_1   |[0m INFO:     192.168.0.6:48584 - "POST /graphql/ HTTP/1.1" 200 OK
[33;1mgraphql_1   |[0m INFO:     192.168.0.6:48588 - "POST /graphql/ HTTP/1.1" 200 OK
[33;1mgraphql_1   |[0m INFO:     192.168.0.6:48592 - "POST /graphql/ HTTP/1.1" 200 OK
[33;1mgraphql_1   |[0m INFO:     192.168.0.6:48596 - "POST /graphql/ HTTP/1.1" 200 OK
[33;1mgraphql_1   |[0m INFO:     192.168.0.6:48608 - "POST /graphql/ HTTP/1.1" 200 OK
[33;1mgraphql_1   |[0m INFO:     192.168.0.6:48612 - "POST /graphql/ HTTP/1.1" 200 OK
[33;1mgraphql_1   |[0m INFO:     192.168.0.6:48616 - "POST /graphql/ HTTP/1.1" 200 OK
[33;1mgraphql_1   |[0m INFO:     192.168.0.6:48620 - "POST /graphql/ HTTP/1.1" 200 OK
[33;1mgraphql_1   |[0m INFO:     192.168.0.6:48624 - "POST /graphql/ HTTP/1.1" 200 OK
[33;1mgraphql_1   |[0m INFO:     192.168.0.6:48628 - "POST /graphql/ HTTP/1.1" 200 OK
[33;1mgraphql_1   |[0m INFO:     192.168.0.6:48632 - "POST /graphql/ HTTP/1.1" 200 OK
[33;1mgraphql_1   |[0m INFO:     192.168.0.6:48636 - "POST /graphql/ HTTP/1.1" 200 OK
[33;1mgraphql_1   |[0m INFO:     192.168.0.6:48640 - "POST /graphql/ HTTP/1.1" 200 OK
[33;1mgraphql_1   |[0m INFO:     192.168.0.6:48644 - "POST /graphql/ HTTP/1.1" 200 OK
[33;1mgraphql_1   |[0m INFO:     192.168.0.6:48652 - "POST /graphql/ HTTP/1.1" 200 OK
[33;1mgraphql_1   |[0m INFO:     192.168.0.6:48656 - "POST /graphql/ HTTP/1.1" 200 OK
[33;1mgraphql_1   |[0m INFO:     192.168.0.6:48660 - "POST /graphql/ HTTP/1.1" 200 OK
[33;1mgraphql_1   |[0m INFO:     192.168.0.6:48664 - "POST /graphql/ HTTP/1.1" 200 OK
[33;1mgraphql_1   |[0m INFO:     192.168.0.6:48668 - "POST /graphql/ HTTP/1.1" 200 OK
[33;1mgraphql_1   |[0m INFO:     192.168.0.6:48672 - "POST /graphql/ HTTP/1.1" 200 OK
[33;1mgraphql_1   |[0m INFO:     192.168.0.6:48676 - "POST /graphql/ HTTP/1.1" 200 OK
[33;1mgraphql_1   |[0m INFO:     192.168.0.6:48680 - "POST /graphql/ HTTP/1.1" 200 OK
[33;1mgraphql_1   |[0m INFO:     192.168.0.6:48684 - "POST /graphql/ HTTP/1.1" 200 OK
[33;1mgraphql_1   |[0m INFO:     192.168.0.6:48688 - "POST /graphql/ HTTP/1.1" 200 OK
[33;1mgraphql_1   |[0m INFO:     192.168.0.6:48698 - "POST /graphql/ HTTP/1.1" 200 OK
[33;1mgraphql_1   |[0m INFO:     192.168.0.6:48708 - "POST /graphql/ HTTP/1.1" 200 OK
[33;1mgraphql_1   |[0m INFO:     192.168.0.6:48712 - "POST /graphql/ HTTP/1.1" 200 OK
[33;1mgraphql_1   |[0m INFO:     192.168.0.6:48714 - "POST /graphql/ HTTP/1.1" 200 OK
[33;1mgraphql_1   |[0m INFO:     192.168.0.6:48756 - "POST /graphql/ HTTP/1.1" 200 OK
[33;1mgraphql_1   |[0m INFO:     192.168.0.6:48816 - "POST /graphql/ HTTP/1.1" 200 OK
[33;1mgraphql_1   |[0m INFO:     192.168.0.6:48820 - "POST /graphql/ HTTP/1.1" 200 OK
[33;1mgraphql_1   |[0m INFO:     192.168.0.4:60396 - "GET /health HTTP/1.1" 200 OK
[36;1mui_1        |[0m 192.168.0.7 - - [23/Nov/2021:06:20:52 +0000] "HEAD / HTTP/1.1" 200 0 "-" "curl/7.64.0" "-"
[34mtowel_1     |[0m {"severity": "INFO", "name": "prefect-server.Scheduler", "message": "Scheduled 0 flow runs."}
[33;1mgraphql_1   |[0m INFO:     192.168.0.6:48854 - "POST /graphql/ HTTP/1.1" 200 OK
[33;1mgraphql_1   |[0m INFO:     192.168.0.6:48866 - "POST /graphql/ HTTP/1.1" 200 OK
[33;1mgraphql_1   |[0m INFO:     192.168.0.6:48890 - "POST /graphql/ HTTP/1.1" 200 OK
[33;1mgraphql_1   |[0m INFO:     192.168.0.6:48894 - "POST /graphql/ HTTP/1.1" 200 OK
[33;1mgraphql_1   |[0m INFO:     192.168.0.4:60462 - "GET /health HTTP/1.1" 200 OK
[33;1mgraphql_1   |[0m INFO:     192.168.0.6:48914 - "POST /graphql/ HTTP/1.1" 200 OK
[33;1mgraphql_1   |[0m INFO:     192.168.0.6:48920 - "POST /graphql/ HTTP/1.1" 200 OK
[36;1mui_1        |[0m 192.168.0.7 - - [23/Nov/2021:06:21:23 +0000] "HEAD / HTTP/1.1" 200 0 "-" "curl/7.64.0" "-"
[33mt_graphql_1 exited with code 137
[0m[33;1mt_graphql_1 exited with code 137
[0m[36mt_apollo_1 exited with code 137
[0m[34mt_towel_1 exited with code 137
[0m[36;1mt_ui_1 exited with code 137
[0m[32mt_hasura_1 exited with code 137
[0m[35mpostgres_1  |[0m 2021-11-23 06:21:32.438 UTC [698] FATAL:  terminating connection due to unexpected postmaster exit
[35mpostgres_1  |[0m 2021-11-23 06:21:32.440 UTC [697] FATAL:  terminating connection due to unexpected postmaster exit
[35mpostgres_1  |[0m 2021-11-23 06:21:32.441 UTC [476] FATAL:  terminating connection due to unexpected postmaster exit
[35mpostgres_1  |[0m 2021-11-23 06:21:32.441 UTC [84] FATAL:  terminating connection due to unexpected postmaster exit
[35mpostgres_1  |[0m 2021-11-23 06:21:32.443 UTC [686] FATAL:  terminating connection due to unexpected postmaster exit
[35mt_postgres_1 exited with code 137
[0m